******************************************************************************
             TMS320C2000 Linker PC v18.12.2                    
******************************************************************************
>> Linked Wed Sep  9 16:05:35 2020

OUTPUT FILE NAME:   <can_ex2_loopback_interrupts.out>
ENTRY POINT SYMBOL: "code_start"  address: 00000000


MEMORY CONFIGURATION

         name            origin    length      used     unused   attr    fill
----------------------  --------  ---------  --------  --------  ----  --------
PAGE 0:
  BEGIN                 00000000   00000002  00000002  00000000  RWIX
  RAMM0                 000000f3   0000030d  00000020  000002ed  RWIX
  RAMLS0                00008000   00000800  00000800  00000000  RWIX
  RAMLS1                00008800   00000800  00000610  000001f0  RWIX
  RAMLS2                00009000   00000800  00000000  00000800  RWIX
  RAMLS3                00009800   00000800  00000000  00000800  RWIX
  RAMLS4                0000a000   00000800  00000000  00000800  RWIX
  FLASH_BANK0_SEC0      00080000   00001000  00000000  00001000  RWIX
  FLASH_BANK0_SEC1      00081000   00001000  00000000  00001000  RWIX
  FLASH_BANK0_SEC2      00082000   00001000  00000000  00001000  RWIX
  FLASH_BANK0_SEC3      00083000   00001000  00000000  00001000  RWIX
  FLASH_BANK0_SEC4      00084000   00001000  00000000  00001000  RWIX
  FLASH_BANK0_SEC5      00085000   00001000  00000000  00001000  RWIX
  FLASH_BANK0_SEC6      00086000   00001000  00000000  00001000  RWIX
  FLASH_BANK0_SEC7      00087000   00001000  00000000  00001000  RWIX
  FLASH_BANK0_SEC8      00088000   00001000  00000000  00001000  RWIX
  FLASH_BANK0_SEC9      00089000   00001000  00000000  00001000  RWIX
  FLASH_BANK0_SEC10     0008a000   00001000  00000000  00001000  RWIX
  FLASH_BANK0_SEC11     0008b000   00001000  00000000  00001000  RWIX
  FLASH_BANK0_SEC12     0008c000   00001000  00000000  00001000  RWIX
  FLASH_BANK0_SEC13     0008d000   00001000  00000000  00001000  RWIX
  FLASH_BANK0_SEC14     0008e000   00001000  00000000  00001000  RWIX
  FLASH_BANK0_SEC15     0008f000   00001000  00000000  00001000  RWIX
  FLASH_BANK1_SEC0      00090000   00001000  00000000  00001000  RWIX
  FLASH_BANK1_SEC1      00091000   00001000  00000000  00001000  RWIX
  FLASH_BANK1_SEC2      00092000   00001000  00000000  00001000  RWIX
  FLASH_BANK1_SEC3      00093000   00001000  00000000  00001000  RWIX
  FLASH_BANK1_SEC4      00094000   00001000  00000000  00001000  RWIX
  FLASH_BANK1_SEC5      00095000   00001000  00000000  00001000  RWIX
  FLASH_BANK1_SEC6      00096000   00001000  00000000  00001000  RWIX
  FLASH_BANK1_SEC7      00097000   00001000  00000000  00001000  RWIX
  FLASH_BANK1_SEC8      00098000   00001000  00000000  00001000  RWIX
  FLASH_BANK1_SEC9      00099000   00001000  00000000  00001000  RWIX
  FLASH_BANK1_SEC10     0009a000   00001000  00000000  00001000  RWIX
  FLASH_BANK1_SEC11     0009b000   00001000  00000000  00001000  RWIX
  FLASH_BANK1_SEC12     0009c000   00001000  00000000  00001000  RWIX
  FLASH_BANK1_SEC13     0009d000   00001000  00000000  00001000  RWIX
  FLASH_BANK1_SEC14     0009e000   00001000  00000000  00001000  RWIX
  FLASH_BANK1_SEC15     0009f000   00001000  00000000  00001000  RWIX
  RESET                 003fffc0   00000002  00000000  00000002  RWIX

PAGE 1:
  BOOT_RSVD             00000002   000000f1  00000000  000000f1  RWIX
  RAMM1                 00000400   000003f8  00000100  000002f8  RWIX
  RAMLS5                0000a800   00000800  000002a9  00000557  RWIX
  RAMLS6                0000b000   00000800  00000000  00000800  RWIX
  RAMLS7                0000b800   00000800  00000000  00000800  RWIX
  RAMGS0                0000c000   00002000  00000000  00002000  RWIX
  RAMGS1                0000e000   00002000  00000000  00002000  RWIX
  RAMGS2                00010000   00002000  00000000  00002000  RWIX
  RAMGS3                00012000   00001ff8  00000000  00001ff8  RWIX


SECTION ALLOCATION MAP

 output                                  attributes/
section   page    origin      length       input sections
--------  ----  ----------  ----------   ----------------
codestart 
*          0    00000000    00000002     
                  00000000    00000002     f28004x_codestartbranch.obj (codestart)

.TI.ramfunc 
*          0    000000f3    00000004     
                  000000f3    00000004     driverlib_eabi.lib : sysctl.obj (.TI.ramfunc)

.cinit     0    000000f8    0000001c     
                  000000f8    0000000a     (.cinit..data.load) [load image, compression = lzss]
                  00000102    00000006     (__TI_handler_table)
                  00000108    00000004     (.cinit..bss.load) [load image, compression = zero_init]
                  0000010c    00000008     (__TI_cinit_table)

.reset     0    003fffc0    00000000     DSECT

.stack     1    00000400    00000100     UNINITIALIZED
                  00000400    00000100     --HOLE--

.bss       1    0000aaa2    00000008     UNINITIALIZED
                  0000aaa2    00000004     can_ex2_loopback_interrupts.obj (.bss:rxMsgData)
                  0000aaa6    00000004     can_ex2_loopback_interrupts.obj (.bss:txMsgData)

.init_array 
*          0    000000f3    00000000     UNINITIALIZED

.const     1    0000a800    0000028d     
                  0000a800    000000be     driverlib_eabi.lib : sysctl.obj (.const:.string)
                  0000a8be    000000bc                        : gpio.obj (.const:.string)
                  0000a97a    000000bb                        : can.obj (.const:.string)
                  0000aa35    00000001     --HOLE-- [fill = 0]
                  0000aa36    00000043     can_ex2_loopback_interrupts.obj (.const:.string)
                  0000aa79    00000001     --HOLE-- [fill = 0]
                  0000aa7a    00000013     device.obj (.const:.string)

.data      1    0000aa8e    00000014     UNINITIALIZED
                  0000aa8e    00000006     can_ex2_loopback_interrupts.obj (.data)
                  0000aa94    00000006     rts2800_fpu32_eabi.lib : exit.c.obj (.data)
                  0000aa9a    00000004     device.obj (.data)
                  0000aa9e    00000002     rts2800_fpu32_eabi.lib : _lock.c.obj (.data:_lock)
                  0000aaa0    00000002                            : _lock.c.obj (.data:_unlock)

.text.1    0    00008000    00000800     
                  00008000    000001bd     can_ex2_loopback_interrupts.obj (.text)
                  000081bd    000001ab     device.obj (.text)
                  00008368    000000df     driverlib_eabi.lib : can.obj (.text:CAN_setupMessageObject)
                  00008447    000000b6                        : sysctl.obj (.text:SysCtl_setClock)
                  000084fd    0000009b                        : sysctl.obj (.text:SysCtl_isPLLValid)
                  00008598    00000084     can_ex2_loopback_interrupts.obj (.text:retain)
                  0000861c    0000007b     driverlib_eabi.lib : can.obj (.text:CAN_sendMessage)
                  00008697    00000070                        : can.obj (.text:CAN_readMessage)
                  00008707    0000006a                        : can.obj (.text:CAN_setBitTiming)
                  00008771    00000061                        : can.obj (.text:CAN_setBitRate)
                  000087d2    0000002b     rts2800_fpu32_eabi.lib : autoinit.c.obj (.text:__TI_auto_init_nobinit_nopinit)
                  000087fd    00000002     driverlib_eabi.lib : interrupt.obj (.text:Interrupt_illegalOperationHandler)
                  000087ff    00000001     rts2800_fpu32_eabi.lib : startup.c.obj (.text)

.text.2    0    00008800    00000610     
                  00008800    0000005b     driverlib_eabi.lib : sysctl.obj (.text:SysCtl_selectOscSource)
                  0000885b    00000056                        : sysctl.obj (.text:DCC_setCounterSeeds)
                  000088b1    00000052                        : gpio.obj (.text:GPIO_setPadConfig)
                  00008903    00000051                        : sysctl.obj (.text:SysCtl_getClock)
                  00008954    00000049                        : can.obj (.text:CAN_clearInterruptStatus)
                  0000899d    0000003d                        : interrupt.obj (.text:Interrupt_initModule)
                  000089da    0000003b                        : gpio.obj (.text:GPIO_setAnalogMode)
                  00008a15    00000037                        : gpio.obj (.text:GPIO_setPinConfig)
                  00008a4c    00000034                        : interrupt.obj (.text:Interrupt_enable)
                  00008a80    00000031                        : gpio.obj (.text:GPIO_setDirectionMode)
                  00008ab1    00000031     rts2800_fpu32_eabi.lib : copy_decompress_lzss.c.obj (.text:decompress:lzss)
                  00008ae2    00000029                            : exit.c.obj (.text)
                  00008b0b    00000025     driverlib_eabi.lib : sysctl.obj (.text:DCC_enableSingleShotMode)
                  00008b30    00000024                        : sysctl.obj (.text:SysCtl_selectXTAL)
                  00008b54    00000022                        : sysctl.obj (.text:SysCtl_pollX1Counter)
                  00008b76    00000020                        : interrupt.obj (.text:Interrupt_initVectorTable)
                  00008b96    0000001f                        : sysctl.obj (.text:DCC_setCounter1ClkSource)
                  00008bb5    0000001e                        : can.obj (.text:CAN_initModule)
                  00008bd3    0000001d                        : sysctl.obj (.text:DCC_setCounter0ClkSource)
                  00008bf0    0000001d     rts2800_fpu32_eabi.lib : memcpy.c.obj (.text)
                  00008c0d    0000001c     driverlib_eabi.lib : can.obj (.text:CAN_writeDataReg)
                  00008c29    0000001b                        : can.obj (.text:CAN_initRAM)
                  00008c44    0000001b                        : can.obj (.text:CAN_readDataReg)
                  00008c5f    0000001a                        : sysctl.obj (.text:SysCtl_getLowSpeedClock)
                  00008c79    0000001a                        : sysctl.obj (.text:SysCtl_selectXTALSingleEnded)
                  00008c93    00000017                        : sysctl.obj (.text:DCC_disableDoneSignal)
                  00008caa    00000017                        : sysctl.obj (.text:DCC_enableDoneSignal)
                  00008cc1    00000017                        : sysctl.obj (.text:SysCtl_enablePeripheral)
                  00008cd8    00000017     rts2800_fpu32_eabi.lib : boot28.asm.obj (.text)
                  00008cef    00000016     driverlib_eabi.lib : sysctl.obj (.text:DCC_clearDoneFlag)
                  00008d05    00000016                        : sysctl.obj (.text:DCC_clearErrorFlag)
                  00008d1b    00000016                        : sysctl.obj (.text:DCC_disableErrorSignal)
                  00008d31    00000016                        : sysctl.obj (.text:DCC_enableErrorSignal)
                  00008d47    00000015                        : can.obj (.text:CAN_isBaseValid)
                  00008d5c    00000014                        : sysctl.obj (.text:DCC_disableModule)
                  00008d70    00000014                        : sysctl.obj (.text:DCC_enableModule)
                  00008d84    00000014                        : gpio.obj (.text:GPIO_isPinValid)
                  00008d98    00000010                        : sysctl.obj (.text:DCC_isBaseValid)
                  00008da8    0000000e                        : interrupt.obj (.text:Interrupt_defaultHandler)
                  00008db6    0000000d                        : interrupt.obj (.text:Interrupt_disableMaster)
                  00008dc3    0000000d                        : interrupt.obj (.text:Interrupt_enableMaster)
                  00008dd0    0000000d     rts2800_fpu32_eabi.lib : copy_zero_init.c.obj (.text:decompress:ZI:__TI_zero_init_nomemset)
                  00008ddd    0000000c                            : args_main.c.obj (.text)
                  00008de9    0000000b     driverlib_eabi.lib : sysctl.obj (.text:SysCtl_isMCDClockFailureDetected)
                  00008df4    00000009     rts2800_fpu32_eabi.lib : _lock.c.obj (.text)
                  00008dfd    00000008                            : copy_decompress_none.c.obj (.text:decompress:none)
                  00008e05    00000007     driverlib_eabi.lib : sysctl.obj (.text:SysCtl_resetMCD)
                  00008e0c    00000002                        : interrupt.obj (.text:Interrupt_nmiHandler)
                  00008e0e    00000002     rts2800_fpu32_eabi.lib : pre_init.c.obj (.text)

MODULE SUMMARY

       Module                            code   ro data   rw data
       ------                            ----   -------   -------
    .\
       can_ex2_loopback_interrupts.obj   577    67        14     
    +--+---------------------------------+------+---------+---------+
       Total:                            577    67        14     
                                                                 
    .\device\
       device.obj                        427    19        4      
       f28004x_codestartbranch.obj       2      0         0      
    +--+---------------------------------+------+---------+---------+
       Total:                            429    19        4      
                                                                 
    C:\ti\c2000\C2000Ware_3_02_00_00\driverlib\f28004x\driverlib\ccs\Debug\driverlib_eabi.lib
       sysctl.obj                        1049   190       0      
       can.obj                           867    187       0      
       gpio.obj                          265    188       0      
       interrupt.obj                     189    0         0      
    +--+---------------------------------+------+---------+---------+
       Total:                            2370   565       0      
                                                                 
    C:\ti\ccs910\ccs\tools\compiler\ti-cgt-c2000_18.12.2.LTS\lib\rts2800_fpu32_eabi.lib
       copy_decompress_lzss.c.obj        49     0         0      
       exit.c.obj                        41     0         6      
       autoinit.c.obj                    43     0         0      
       memcpy.c.obj                      29     0         0      
       boot28.asm.obj                    23     0         0      
       _lock.c.obj                       9      0         4      
       copy_zero_init.c.obj              13     0         0      
       args_main.c.obj                   12     0         0      
       copy_decompress_none.c.obj        8      0         0      
       pre_init.c.obj                    2      0         0      
       startup.c.obj                     1      0         0      
    +--+---------------------------------+------+---------+---------+
       Total:                            230    0         10     
                                                                 
       Stack:                            0      0         256    
       Linker Generated:                 0      28        0      
    +--+---------------------------------+------+---------+---------+
       Grand Total:                      3606   679       284    


LINKER GENERATED COPY TABLES

__TI_cinit_table @ 0000010c records: 2, size/record: 4, table size: 8
	.data: load addr=000000f8, load size=0000000a bytes, run addr=0000aa8e, run size=00000014 bytes, compression=lzss
	.bss: load addr=00000108, load size=00000004 bytes, run addr=0000aaa2, run size=00000008 bytes, compression=zero_init


LINKER GENERATED HANDLER TABLE

__TI_handler_table @ 00000102 records: 3, size/record: 2, table size: 6
	index: 0, handler: __TI_zero_init
	index: 1, handler: __TI_decompress_lzss
	index: 2, handler: __TI_decompress_none


GLOBAL DATA SYMBOLS: SORTED BY DATA PAGE

address     data page           name
--------    ----------------    ----
00000400      10 (00000400)     __stack

0000aa8e     2aa (0000aa80)     txMsgCount
0000aa90     2aa (0000aa80)     rxMsgCount
0000aa92     2aa (0000aa80)     errorFlag
0000aa94     2aa (0000aa80)     __TI_enable_exit_profile_output
0000aa96     2aa (0000aa80)     __TI_cleanup_ptr
0000aa98     2aa (0000aa80)     __TI_dtors_ptr
0000aa9a     2aa (0000aa80)     Example_PassCount
0000aa9c     2aa (0000aa80)     Example_Fail
0000aa9e     2aa (0000aa80)     _lock
0000aaa0     2aa (0000aa80)     _unlock
0000aaa2     2aa (0000aa80)     rxMsgData
0000aaa6     2aa (0000aa80)     txMsgData


GLOBAL SYMBOLS: SORTED ALPHABETICALLY BY Name 

page  address   name                           
----  -------   ----                           
0     00008ae2  C$$EXIT                        
0     00008954  CAN_clearInterruptStatus       
0     00008bb5  CAN_initModule                 
0     00008697  CAN_readMessage                
0     0000861c  CAN_sendMessage                
0     00008771  CAN_setBitRate                 
0     00008707  CAN_setBitTiming               
0     00008368  CAN_setupMessageObject         
0     00008274  Device_enableAllPeripherals    
0     00008223  Device_init                    
0     00008351  Device_initGPIO                
1     0000aa9c  Example_Fail                   
1     0000aa9a  Example_PassCount              
0     000089da  GPIO_setAnalogMode             
0     00008a80  GPIO_setDirectionMode          
0     000088b1  GPIO_setPadConfig              
0     00008a15  GPIO_setPinConfig              
0     00008a4c  Interrupt_enable               
0     0000899d  Interrupt_initModule           
0     00008b76  Interrupt_initVectorTable      
0     000000f3  SysCtl_delay                   
0     00008903  SysCtl_getClock                
0     00008c5f  SysCtl_getLowSpeedClock        
0     000084fd  SysCtl_isPLLValid              
0     00008800  SysCtl_selectOscSource         
0     00008b30  SysCtl_selectXTAL              
0     00008c79  SysCtl_selectXTALSingleEnded   
0     00008447  SysCtl_setClock                
0     0000010c  __TI_CINIT_Base                
0     00000114  __TI_CINIT_Limit               
0     00000102  __TI_Handler_Table_Base        
0     00000108  __TI_Handler_Table_Limit       
1     00000500  __TI_STACK_END                 
abs   00000100  __TI_STACK_SIZE                
0     000087d2  __TI_auto_init_nobinit_nopinit 
1     0000aa96  __TI_cleanup_ptr               
0     00008ab1  __TI_decompress_lzss           
0     00008dfd  __TI_decompress_none           
1     0000aa98  __TI_dtors_ptr                 
1     0000aa94  __TI_enable_exit_profile_output
abs   ffffffff  __TI_pprof_out_hndl            
abs   ffffffff  __TI_prof_data_size            
abs   ffffffff  __TI_prof_data_start           
0     00008dd0  __TI_zero_init_nomemset        
n/a   UNDEFED   __c_args__                     
0     00008361  __error__                      
1     00000400  __stack                        
0     00008ddd  _args_main                     
0     00008cd8  _c_int00                       
1     0000aa9e  _lock                          
0     00008dfc  _nop                           
0     00008df8  _register_lock                 
0     00008df4  _register_unlock               
0     000087ff  _system_post_cinit             
0     00008e0e  _system_pre_init               
1     0000aaa0  _unlock                        
0     00008ae2  abort                          
0     00008598  canISR                         
0     00000000  code_start                     
1     0000aa92  errorFlag                      
0     00008ae4  exit                           
0     000080ee  main                           
0     00008bf0  memcpy                         
1     0000aa90  rxMsgCount                     
1     0000aaa2  rxMsgData                      
1     0000aa8e  txMsgCount                     
1     0000aaa6  txMsgData                      


GLOBAL SYMBOLS: SORTED BY Symbol Address 

page  address   name                           
----  -------   ----                           
0     00000000  code_start                     
0     000000f3  SysCtl_delay                   
0     00000102  __TI_Handler_Table_Base        
0     00000108  __TI_Handler_Table_Limit       
0     0000010c  __TI_CINIT_Base                
0     00000114  __TI_CINIT_Limit               
0     000080ee  main                           
0     00008223  Device_init                    
0     00008274  Device_enableAllPeripherals    
0     00008351  Device_initGPIO                
0     00008361  __error__                      
0     00008368  CAN_setupMessageObject         
0     00008447  SysCtl_setClock                
0     000084fd  SysCtl_isPLLValid              
0     00008598  canISR                         
0     0000861c  CAN_sendMessage                
0     00008697  CAN_readMessage                
0     00008707  CAN_setBitTiming               
0     00008771  CAN_setBitRate                 
0     000087d2  __TI_auto_init_nobinit_nopinit 
0     000087ff  _system_post_cinit             
0     00008800  SysCtl_selectOscSource         
0     000088b1  GPIO_setPadConfig              
0     00008903  SysCtl_getClock                
0     00008954  CAN_clearInterruptStatus       
0     0000899d  Interrupt_initModule           
0     000089da  GPIO_setAnalogMode             
0     00008a15  GPIO_setPinConfig              
0     00008a4c  Interrupt_enable               
0     00008a80  GPIO_setDirectionMode          
0     00008ab1  __TI_decompress_lzss           
0     00008ae2  C$$EXIT                        
0     00008ae2  abort                          
0     00008ae4  exit                           
0     00008b30  SysCtl_selectXTAL              
0     00008b76  Interrupt_initVectorTable      
0     00008bb5  CAN_initModule                 
0     00008bf0  memcpy                         
0     00008c5f  SysCtl_getLowSpeedClock        
0     00008c79  SysCtl_selectXTALSingleEnded   
0     00008cd8  _c_int00                       
0     00008dd0  __TI_zero_init_nomemset        
0     00008ddd  _args_main                     
0     00008df4  _register_unlock               
0     00008df8  _register_lock                 
0     00008dfc  _nop                           
0     00008dfd  __TI_decompress_none           
0     00008e0e  _system_pre_init               
1     00000400  __stack                        
1     00000500  __TI_STACK_END                 
1     0000aa8e  txMsgCount                     
1     0000aa90  rxMsgCount                     
1     0000aa92  errorFlag                      
1     0000aa94  __TI_enable_exit_profile_output
1     0000aa96  __TI_cleanup_ptr               
1     0000aa98  __TI_dtors_ptr                 
1     0000aa9a  Example_PassCount              
1     0000aa9c  Example_Fail                   
1     0000aa9e  _lock                          
1     0000aaa0  _unlock                        
1     0000aaa2  rxMsgData                      
1     0000aaa6  txMsgData                      
abs   00000100  __TI_STACK_SIZE                
abs   ffffffff  __TI_pprof_out_hndl            
abs   ffffffff  __TI_prof_data_size            
abs   ffffffff  __TI_prof_data_start           
n/a   UNDEFED   __c_args__                     

[67 symbols]
