******************************************************************************
             TMS320C2000 Linker PC v18.12.2                    
******************************************************************************
>> Linked Wed Sep  9 16:05:38 2020

OUTPUT FILE NAME:   <can_ex4_loopback_dma.out>
ENTRY POINT SYMBOL: "code_start"  address: 00000000


MEMORY CONFIGURATION

         name            origin    length      used     unused   attr    fill
----------------------  --------  ---------  --------  --------  ----  --------
PAGE 0:
  BEGIN                 00000000   00000002  00000002  00000000  RWIX
  RAMM0                 000000f3   0000030d  0000002c  000002e1  RWIX
  RAMLS0                00008000   00000800  00000800  00000000  RWIX
  RAMLS1                00008800   00000800  00000800  00000000  RWIX
  RAMLS2                00009000   00000800  00000036  000007ca  RWIX
  RAMLS3                00009800   00000800  00000000  00000800  RWIX
  RAMLS4                0000a000   00000800  00000000  00000800  RWIX
  FLASH_BANK0_SEC0      00080000   00001000  00000000  00001000  RWIX
  FLASH_BANK0_SEC1      00081000   00001000  00000000  00001000  RWIX
  FLASH_BANK0_SEC2      00082000   00001000  00000000  00001000  RWIX
  FLASH_BANK0_SEC3      00083000   00001000  00000000  00001000  RWIX
  FLASH_BANK0_SEC4      00084000   00001000  00000000  00001000  RWIX
  FLASH_BANK0_SEC5      00085000   00001000  00000000  00001000  RWIX
  FLASH_BANK0_SEC6      00086000   00001000  00000000  00001000  RWIX
  FLASH_BANK0_SEC7      00087000   00001000  00000000  00001000  RWIX
  FLASH_BANK0_SEC8      00088000   00001000  00000000  00001000  RWIX
  FLASH_BANK0_SEC9      00089000   00001000  00000000  00001000  RWIX
  FLASH_BANK0_SEC10     0008a000   00001000  00000000  00001000  RWIX
  FLASH_BANK0_SEC11     0008b000   00001000  00000000  00001000  RWIX
  FLASH_BANK0_SEC12     0008c000   00001000  00000000  00001000  RWIX
  FLASH_BANK0_SEC13     0008d000   00001000  00000000  00001000  RWIX
  FLASH_BANK0_SEC14     0008e000   00001000  00000000  00001000  RWIX
  FLASH_BANK0_SEC15     0008f000   00001000  00000000  00001000  RWIX
  FLASH_BANK1_SEC0      00090000   00001000  00000000  00001000  RWIX
  FLASH_BANK1_SEC1      00091000   00001000  00000000  00001000  RWIX
  FLASH_BANK1_SEC2      00092000   00001000  00000000  00001000  RWIX
  FLASH_BANK1_SEC3      00093000   00001000  00000000  00001000  RWIX
  FLASH_BANK1_SEC4      00094000   00001000  00000000  00001000  RWIX
  FLASH_BANK1_SEC5      00095000   00001000  00000000  00001000  RWIX
  FLASH_BANK1_SEC6      00096000   00001000  00000000  00001000  RWIX
  FLASH_BANK1_SEC7      00097000   00001000  00000000  00001000  RWIX
  FLASH_BANK1_SEC8      00098000   00001000  00000000  00001000  RWIX
  FLASH_BANK1_SEC9      00099000   00001000  00000000  00001000  RWIX
  FLASH_BANK1_SEC10     0009a000   00001000  00000000  00001000  RWIX
  FLASH_BANK1_SEC11     0009b000   00001000  00000000  00001000  RWIX
  FLASH_BANK1_SEC12     0009c000   00001000  00000000  00001000  RWIX
  FLASH_BANK1_SEC13     0009d000   00001000  00000000  00001000  RWIX
  FLASH_BANK1_SEC14     0009e000   00001000  00000000  00001000  RWIX
  FLASH_BANK1_SEC15     0009f000   00001000  00000000  00001000  RWIX
  RESET                 003fffc0   00000002  00000000  00000002  RWIX

PAGE 1:
  BOOT_RSVD             00000002   000000f1  00000000  000000f1  RWIX
  RAMM1                 00000400   000003f8  00000100  000002f8  RWIX
  RAMLS5                0000a800   00000800  0000033f  000004c1  RWIX
  RAMLS6                0000b000   00000800  00000000  00000800  RWIX
  RAMLS7                0000b800   00000800  00000000  00000800  RWIX
  RAMGS0                0000c000   00002000  00000004  00001ffc  RWIX
  RAMGS1                0000e000   00002000  00000002  00001ffe  RWIX
  RAMGS2                00010000   00002000  00000000  00002000  RWIX
  RAMGS3                00012000   00001ff8  00000000  00001ff8  RWIX


SECTION ALLOCATION MAP

 output                                  attributes/
section   page    origin      length       input sections
--------  ----  ----------  ----------   ----------------
codestart 
*          0    00000000    00000002     
                  00000000    00000002     f28004x_codestartbranch.obj (codestart)

.TI.ramfunc 
*          0    000000f3    00000004     
                  000000f3    00000004     driverlib_eabi.lib : sysctl.obj (.TI.ramfunc)

.cinit     0    000000f8    00000028     
                  000000f8    00000009     (.cinit..data.load) [load image, compression = lzss]
                  00000101    00000001     --HOLE-- [fill = 0]
                  00000102    00000008     (.cinit.ramgs0.load) [load image]
                  0000010a    00000006     (.cinit.ramgs1.load) [load image]
                  00000110    00000004     (__TI_handler_table)
                  00000114    0000000c     (__TI_cinit_table)

.reset     0    003fffc0    00000000     DSECT

.stack     1    00000400    00000100     UNINITIALIZED
                  00000400    00000100     --HOLE--

.init_array 
*          0    000000f3    00000000     UNINITIALIZED

.const     1    0000a800    0000032f     
                  0000a800    000000be     driverlib_eabi.lib : sysctl.obj (.const:.string)
                  0000a8be    000000bc                        : gpio.obj (.const:.string)
                  0000a97a    000000bb                        : can.obj (.const:.string)
                  0000aa35    00000001     --HOLE-- [fill = 0]
                  0000aa36    00000087     can_ex4_loopback_dma.obj (.const:.string)
                  0000aabd    00000001     --HOLE-- [fill = 0]
                  0000aabe    0000005d     driverlib_eabi.lib : dma.obj (.const:.string)
                  0000ab1b    00000001     --HOLE-- [fill = 0]
                  0000ab1c    00000013     device.obj (.const:.string)

.data      1    0000ab30    00000010     UNINITIALIZED
                  0000ab30    00000006     can_ex4_loopback_dma.obj (.data)
                  0000ab36    00000006     rts2800_fpu32_eabi.lib : exit.c.obj (.data)
                  0000ab3c    00000002                            : _lock.c.obj (.data:_lock)
                  0000ab3e    00000002                            : _lock.c.obj (.data:_unlock)

ramgs0     1    0000c000    00000004     UNINITIALIZED
                  0000c000    00000004     can_ex4_loopback_dma.obj (ramgs0)

ramgs1     1    0000e000    00000002     UNINITIALIZED
                  0000e000    00000002     can_ex4_loopback_dma.obj (ramgs1)

.text.1    0    00008000    00000800     
                  00008000    0000027a     can_ex4_loopback_dma.obj (.text)
                  0000827a    000001ab     device.obj (.text)
                  00008425    000000df     driverlib_eabi.lib : can.obj (.text:CAN_setupMessageObject)
                  00008504    000000d5     can_ex4_loopback_dma.obj (.text:retain)
                  000085d9    000000b6     driverlib_eabi.lib : sysctl.obj (.text:SysCtl_setClock)
                  0000868f    000000a3                        : dma.obj (.text:DMA_configMode)
                  00008732    0000009b                        : sysctl.obj (.text:SysCtl_isPLLValid)
                  000087cd    00000031                        : gpio.obj (.text:GPIO_setDirectionMode)
                  000087fe    00000002                        : interrupt.obj (.text:Interrupt_illegalOperationHandler)

.text.2    0    00008800    00000800     
                  00008800    0000007b     driverlib_eabi.lib : can.obj (.text:CAN_sendMessage)
                  0000887b    00000072                        : can.obj (.text:CAN_transferMessage)
                  000088ed    0000006a                        : can.obj (.text:CAN_setBitTiming)
                  00008957    00000061                        : can.obj (.text:CAN_setBitRate)
                  000089b8    0000005b                        : sysctl.obj (.text:SysCtl_selectOscSource)
                  00008a13    00000056                        : sysctl.obj (.text:DCC_setCounterSeeds)
                  00008a69    00000052                        : gpio.obj (.text:GPIO_setPadConfig)
                  00008abb    00000051                        : sysctl.obj (.text:SysCtl_getClock)
                  00008b0c    00000049                        : can.obj (.text:CAN_clearInterruptStatus)
                  00008b55    0000003d                        : interrupt.obj (.text:Interrupt_initModule)
                  00008b92    0000003b                        : gpio.obj (.text:GPIO_setAnalogMode)
                  00008bcd    00000037                        : gpio.obj (.text:GPIO_setPinConfig)
                  00008c04    00000034                        : interrupt.obj (.text:Interrupt_enable)
                  00008c38    00000031     rts2800_fpu32_eabi.lib : copy_decompress_lzss.c.obj (.text:decompress:lzss)
                  00008c69    0000002b                            : autoinit.c.obj (.text:__TI_auto_init_nobinit_nopinit)
                  00008c94    00000029     driverlib_eabi.lib : dma.obj (.text:DMA_configTransfer)
                  00008cbd    00000029                        : dma.obj (.text:DMA_isBaseValid)
                  00008ce6    00000029     rts2800_fpu32_eabi.lib : exit.c.obj (.text)
                  00008d0f    00000025     driverlib_eabi.lib : sysctl.obj (.text:DCC_enableSingleShotMode)
                  00008d34    00000025                        : dma.obj (.text:DMA_configAddresses)
                  00008d59    00000024                        : dma.obj (.text:DMA_configBurst)
                  00008d7d    00000024                        : sysctl.obj (.text:SysCtl_selectXTAL)
                  00008da1    00000022                        : sysctl.obj (.text:SysCtl_pollX1Counter)
                  00008dc3    00000020                        : interrupt.obj (.text:Interrupt_initVectorTable)
                  00008de3    0000001f                        : sysctl.obj (.text:DCC_setCounter1ClkSource)
                  00008e02    0000001e                        : can.obj (.text:CAN_initModule)
                  00008e20    0000001d                        : sysctl.obj (.text:DCC_setCounter0ClkSource)
                  00008e3d    0000001d     rts2800_fpu32_eabi.lib : memcpy.c.obj (.text)
                  00008e5a    0000001c     driverlib_eabi.lib : can.obj (.text:CAN_writeDataReg)
                  00008e76    0000001b                        : can.obj (.text:CAN_initRAM)
                  00008e91    0000001a                        : sysctl.obj (.text:SysCtl_getLowSpeedClock)
                  00008eab    0000001a                        : sysctl.obj (.text:SysCtl_selectXTALSingleEnded)
                  00008ec5    00000017                        : sysctl.obj (.text:DCC_disableDoneSignal)
                  00008edc    00000017                        : sysctl.obj (.text:DCC_enableDoneSignal)
                  00008ef3    00000017                        : sysctl.obj (.text:SysCtl_enablePeripheral)
                  00008f0a    00000017     rts2800_fpu32_eabi.lib : boot28.asm.obj (.text)
                  00008f21    00000016     driverlib_eabi.lib : sysctl.obj (.text:DCC_clearDoneFlag)
                  00008f37    00000016                        : sysctl.obj (.text:DCC_clearErrorFlag)
                  00008f4d    00000016                        : sysctl.obj (.text:DCC_disableErrorSignal)
                  00008f63    00000016                        : sysctl.obj (.text:DCC_enableErrorSignal)
                  00008f79    00000015                        : can.obj (.text:CAN_isBaseValid)
                  00008f8e    00000014                        : sysctl.obj (.text:DCC_disableModule)
                  00008fa2    00000014                        : sysctl.obj (.text:DCC_enableModule)
                  00008fb6    00000014                        : gpio.obj (.text:GPIO_isPinValid)
                  00008fca    00000010                        : sysctl.obj (.text:DCC_isBaseValid)
                  00008fda    0000000e                        : interrupt.obj (.text:Interrupt_defaultHandler)
                  00008fe8    0000000d                        : interrupt.obj (.text:Interrupt_disableMaster)
                  00008ff5    0000000b                        : sysctl.obj (.text:SysCtl_isMCDClockFailureDetected)

.text.3    0    00009000    00000036     
                  00009000    0000000d     driverlib_eabi.lib : interrupt.obj (.text:Interrupt_enableMaster)
                  0000900d    0000000c     rts2800_fpu32_eabi.lib : args_main.c.obj (.text)
                  00009019    00000009                            : _lock.c.obj (.text)
                  00009022    00000008                            : copy_decompress_none.c.obj (.text:decompress:none)
                  0000902a    00000007     driverlib_eabi.lib : sysctl.obj (.text:SysCtl_resetMCD)
                  00009031    00000002                        : interrupt.obj (.text:Interrupt_nmiHandler)
                  00009033    00000002     rts2800_fpu32_eabi.lib : pre_init.c.obj (.text)
                  00009035    00000001                            : startup.c.obj (.text)

MODULE SUMMARY

       Module                        code   ro data   rw data
       ------                        ----   -------   -------
    .\
       can_ex4_loopback_dma.obj      847    135       12     
    +--+-----------------------------+------+---------+---------+
       Total:                        847    135       12     
                                                             
    .\device\
       device.obj                    427    19        0      
       f28004x_codestartbranch.obj   2      0         0      
    +--+-----------------------------+------+---------+---------+
       Total:                        429    19        0      
                                                             
    C:\ti\c2000\C2000Ware_3_02_00_00\driverlib\f28004x\driverlib\ccs\Debug\driverlib_eabi.lib
       sysctl.obj                    1049   190       0      
       can.obj                       842    187       0      
       gpio.obj                      265    188       0      
       dma.obj                       318    93        0      
       interrupt.obj                 189    0         0      
    +--+-----------------------------+------+---------+---------+
       Total:                        2663   658       0      
                                                             
    C:\ti\ccs910\ccs\tools\compiler\ti-cgt-c2000_18.12.2.LTS\lib\rts2800_fpu32_eabi.lib
       copy_decompress_lzss.c.obj    49     0         0      
       exit.c.obj                    41     0         6      
       autoinit.c.obj                43     0         0      
       memcpy.c.obj                  29     0         0      
       boot28.asm.obj                23     0         0      
       _lock.c.obj                   9      0         4      
       args_main.c.obj               12     0         0      
       copy_decompress_none.c.obj    8      0         0      
       pre_init.c.obj                2      0         0      
       startup.c.obj                 1      0         0      
    +--+-----------------------------+------+---------+---------+
       Total:                        217    0         10     
                                                             
       Stack:                        0      0         256    
       Linker Generated:             0      39        0      
    +--+-----------------------------+------+---------+---------+
       Grand Total:                  4156   851       278    


LINKER GENERATED COPY TABLES

__TI_cinit_table @ 00000114 records: 3, size/record: 4, table size: 12
	.data: load addr=000000f8, load size=00000009 bytes, run addr=0000ab30, run size=00000010 bytes, compression=lzss
	ramgs0: load addr=00000102, load size=00000008 bytes, run addr=0000c000, run size=00000004 bytes, compression=copy
	ramgs1: load addr=0000010a, load size=00000006 bytes, run addr=0000e000, run size=00000002 bytes, compression=copy


LINKER GENERATED HANDLER TABLE

__TI_handler_table @ 00000110 records: 2, size/record: 2, table size: 4
	index: 0, handler: __TI_decompress_lzss
	index: 1, handler: __TI_decompress_none


GLOBAL DATA SYMBOLS: SORTED BY DATA PAGE

address     data page           name
--------    ----------------    ----
00000400      10 (00000400)     __stack

0000ab30     2ac (0000ab00)     done
0000ab32     2ac (0000ab00)     txMsgCount
0000ab34     2ac (0000ab00)     rxMsgCount
0000ab36     2ac (0000ab00)     __TI_enable_exit_profile_output
0000ab38     2ac (0000ab00)     __TI_cleanup_ptr
0000ab3a     2ac (0000ab00)     __TI_dtors_ptr
0000ab3c     2ac (0000ab00)     _lock
0000ab3e     2ac (0000ab00)     _unlock

0000c000     300 (0000c000)     txMsgData

0000e000     380 (0000e000)     rxMsgData


GLOBAL SYMBOLS: SORTED ALPHABETICALLY BY Name 

page  address   name                           
----  -------   ----                           
0     00008ce6  C$$EXIT                        
0     00008b0c  CAN_clearInterruptStatus       
0     00008e02  CAN_initModule                 
0     00008800  CAN_sendMessage                
0     00008957  CAN_setBitRate                 
0     000088ed  CAN_setBitTiming               
0     00008425  CAN_setupMessageObject         
0     0000887b  CAN_transferMessage            
0     00008d34  DMA_configAddresses            
0     00008d59  DMA_configBurst                
0     0000868f  DMA_configMode                 
0     00008c94  DMA_configTransfer             
0     00008331  Device_enableAllPeripherals    
0     000082e0  Device_init                    
0     0000840e  Device_initGPIO                
0     00008b92  GPIO_setAnalogMode             
0     000087cd  GPIO_setDirectionMode          
0     00008a69  GPIO_setPadConfig              
0     00008bcd  GPIO_setPinConfig              
0     00008c04  Interrupt_enable               
0     00008b55  Interrupt_initModule           
0     00008dc3  Interrupt_initVectorTable      
0     000000f3  SysCtl_delay                   
0     00008abb  SysCtl_getClock                
0     00008e91  SysCtl_getLowSpeedClock        
0     00008732  SysCtl_isPLLValid              
0     000089b8  SysCtl_selectOscSource         
0     00008d7d  SysCtl_selectXTAL              
0     00008eab  SysCtl_selectXTALSingleEnded   
0     000085d9  SysCtl_setClock                
0     00000114  __TI_CINIT_Base                
0     00000120  __TI_CINIT_Limit               
0     00000110  __TI_Handler_Table_Base        
0     00000114  __TI_Handler_Table_Limit       
1     00000500  __TI_STACK_END                 
abs   00000100  __TI_STACK_SIZE                
0     00008c69  __TI_auto_init_nobinit_nopinit 
1     0000ab38  __TI_cleanup_ptr               
0     00008c38  __TI_decompress_lzss           
0     00009022  __TI_decompress_none           
1     0000ab3a  __TI_dtors_ptr                 
1     0000ab36  __TI_enable_exit_profile_output
abs   ffffffff  __TI_pprof_out_hndl            
abs   ffffffff  __TI_prof_data_size            
abs   ffffffff  __TI_prof_data_start           
n/a   UNDEFED   __c_args__                     
0     0000841e  __error__                      
1     00000400  __stack                        
0     0000900d  _args_main                     
0     00008f0a  _c_int00                       
1     0000ab3c  _lock                          
0     00009021  _nop                           
0     0000901d  _register_lock                 
0     00009019  _register_unlock               
0     00009035  _system_post_cinit             
0     00009033  _system_pre_init               
1     0000ab3e  _unlock                        
0     00008ce6  abort                          
0     00008504  canISR                         
0     00000000  code_start                     
0     00008584  dmaCh5ISR                      
1     0000ab30  done                           
0     00008ce8  exit                           
0     00008242  initDMA                        
0     000081a4  main                           
0     00008e3d  memcpy                         
1     0000ab34  rxMsgCount                     
1     0000e000  rxMsgData                      
1     0000ab32  txMsgCount                     
1     0000c000  txMsgData                      


GLOBAL SYMBOLS: SORTED BY Symbol Address 

page  address   name                           
----  -------   ----                           
0     00000000  code_start                     
0     000000f3  SysCtl_delay                   
0     00000110  __TI_Handler_Table_Base        
0     00000114  __TI_CINIT_Base                
0     00000114  __TI_Handler_Table_Limit       
0     00000120  __TI_CINIT_Limit               
0     000081a4  main                           
0     00008242  initDMA                        
0     000082e0  Device_init                    
0     00008331  Device_enableAllPeripherals    
0     0000840e  Device_initGPIO                
0     0000841e  __error__                      
0     00008425  CAN_setupMessageObject         
0     00008504  canISR                         
0     00008584  dmaCh5ISR                      
0     000085d9  SysCtl_setClock                
0     0000868f  DMA_configMode                 
0     00008732  SysCtl_isPLLValid              
0     000087cd  GPIO_setDirectionMode          
0     00008800  CAN_sendMessage                
0     0000887b  CAN_transferMessage            
0     000088ed  CAN_setBitTiming               
0     00008957  CAN_setBitRate                 
0     000089b8  SysCtl_selectOscSource         
0     00008a69  GPIO_setPadConfig              
0     00008abb  SysCtl_getClock                
0     00008b0c  CAN_clearInterruptStatus       
0     00008b55  Interrupt_initModule           
0     00008b92  GPIO_setAnalogMode             
0     00008bcd  GPIO_setPinConfig              
0     00008c04  Interrupt_enable               
0     00008c38  __TI_decompress_lzss           
0     00008c69  __TI_auto_init_nobinit_nopinit 
0     00008c94  DMA_configTransfer             
0     00008ce6  C$$EXIT                        
0     00008ce6  abort                          
0     00008ce8  exit                           
0     00008d34  DMA_configAddresses            
0     00008d59  DMA_configBurst                
0     00008d7d  SysCtl_selectXTAL              
0     00008dc3  Interrupt_initVectorTable      
0     00008e02  CAN_initModule                 
0     00008e3d  memcpy                         
0     00008e91  SysCtl_getLowSpeedClock        
0     00008eab  SysCtl_selectXTALSingleEnded   
0     00008f0a  _c_int00                       
0     0000900d  _args_main                     
0     00009019  _register_unlock               
0     0000901d  _register_lock                 
0     00009021  _nop                           
0     00009022  __TI_decompress_none           
0     00009033  _system_pre_init               
0     00009035  _system_post_cinit             
1     00000400  __stack                        
1     00000500  __TI_STACK_END                 
1     0000ab30  done                           
1     0000ab32  txMsgCount                     
1     0000ab34  rxMsgCount                     
1     0000ab36  __TI_enable_exit_profile_output
1     0000ab38  __TI_cleanup_ptr               
1     0000ab3a  __TI_dtors_ptr                 
1     0000ab3c  _lock                          
1     0000ab3e  _unlock                        
1     0000c000  txMsgData                      
1     0000e000  rxMsgData                      
abs   00000100  __TI_STACK_SIZE                
abs   ffffffff  __TI_pprof_out_hndl            
abs   ffffffff  __TI_prof_data_size            
abs   ffffffff  __TI_prof_data_start           
n/a   UNDEFED   __c_args__                     

[70 symbols]
