<?xml version="1.0" encoding="ISO-8859-1" ?>
<link_info>
   <banner>TMS320C2000 Linker PC v18.12.4.LTS</banner>
   <copyright>Copyright (c) 1996-2018 Texas Instruments Incorporated</copyright>
   <link_time>0x5f5933a3</link_time>
   <link_errors>0x0</link_errors>
   <output_file>can_ex1_loopback.out</output_file>
   <entry_point>
      <name>code_start</name>
      <address>0x0</address>
   </entry_point>
   <input_file_list>
      <input_file id="fl-2">
         <path>.\</path>
         <kind>object</kind>
         <file>can_ex1_loopback.obj</file>
         <name>can_ex1_loopback.obj</name>
      </input_file>
      <input_file id="fl-3">
         <path>.\device\</path>
         <kind>object</kind>
         <file>device.obj</file>
         <name>device.obj</name>
      </input_file>
      <input_file id="fl-4">
         <path>.\device\</path>
         <kind>object</kind>
         <file>f28004x_codestartbranch.obj</file>
         <name>f28004x_codestartbranch.obj</name>
      </input_file>
      <input_file id="fl-9">
         <kind>object</kind>
         <file>&lt;internal&gt;</file>
         <name>&lt;internal&gt;</name>
      </input_file>
      <input_file id="fl-d">
         <path>C:\ti\c2000\C2000Ware_3_02_00_00\driverlib\f28004x\driverlib\ccs\Debug\</path>
         <kind>archive</kind>
         <file>driverlib_eabi.lib</file>
         <name>can.obj</name>
      </input_file>
      <input_file id="fl-e">
         <path>C:\ti\c2000\C2000Ware_3_02_00_00\driverlib\f28004x\driverlib\ccs\Debug\</path>
         <kind>archive</kind>
         <file>driverlib_eabi.lib</file>
         <name>gpio.obj</name>
      </input_file>
      <input_file id="fl-f">
         <path>C:\ti\c2000\C2000Ware_3_02_00_00\driverlib\f28004x\driverlib\ccs\Debug\</path>
         <kind>archive</kind>
         <file>driverlib_eabi.lib</file>
         <name>interrupt.obj</name>
      </input_file>
      <input_file id="fl-10">
         <path>C:\ti\c2000\C2000Ware_3_02_00_00\driverlib\f28004x\driverlib\ccs\Debug\</path>
         <kind>archive</kind>
         <file>driverlib_eabi.lib</file>
         <name>sysctl.obj</name>
      </input_file>
      <input_file id="fl-1c">
         <path>C:\ti\ccs910\ccs\tools\compiler\ti-cgt-c2000_18.12.4.LTS\lib\</path>
         <kind>archive</kind>
         <file>rts2800_fpu32_eabi.lib</file>
         <name>boot28.asm.obj</name>
      </input_file>
      <input_file id="fl-1d">
         <path>C:\ti\ccs910\ccs\tools\compiler\ti-cgt-c2000_18.12.4.LTS\lib\</path>
         <kind>archive</kind>
         <file>rts2800_fpu32_eabi.lib</file>
         <name>pre_init.c.obj</name>
      </input_file>
      <input_file id="fl-1e">
         <path>C:\ti\ccs910\ccs\tools\compiler\ti-cgt-c2000_18.12.4.LTS\lib\</path>
         <kind>archive</kind>
         <file>rts2800_fpu32_eabi.lib</file>
         <name>autoinit.c.obj</name>
      </input_file>
      <input_file id="fl-1f">
         <path>C:\ti\ccs910\ccs\tools\compiler\ti-cgt-c2000_18.12.4.LTS\lib\</path>
         <kind>archive</kind>
         <file>rts2800_fpu32_eabi.lib</file>
         <name>copy_zero_init.c.obj</name>
      </input_file>
      <input_file id="fl-20">
         <path>C:\ti\ccs910\ccs\tools\compiler\ti-cgt-c2000_18.12.4.LTS\lib\</path>
         <kind>archive</kind>
         <file>rts2800_fpu32_eabi.lib</file>
         <name>copy_decompress_none.c.obj</name>
      </input_file>
      <input_file id="fl-21">
         <path>C:\ti\ccs910\ccs\tools\compiler\ti-cgt-c2000_18.12.4.LTS\lib\</path>
         <kind>archive</kind>
         <file>rts2800_fpu32_eabi.lib</file>
         <name>copy_decompress_lzss.c.obj</name>
      </input_file>
      <input_file id="fl-22">
         <path>C:\ti\ccs910\ccs\tools\compiler\ti-cgt-c2000_18.12.4.LTS\lib\</path>
         <kind>archive</kind>
         <file>rts2800_fpu32_eabi.lib</file>
         <name>exit.c.obj</name>
      </input_file>
      <input_file id="fl-23">
         <path>C:\ti\ccs910\ccs\tools\compiler\ti-cgt-c2000_18.12.4.LTS\lib\</path>
         <kind>archive</kind>
         <file>rts2800_fpu32_eabi.lib</file>
         <name>_lock.c.obj</name>
      </input_file>
      <input_file id="fl-24">
         <path>C:\ti\ccs910\ccs\tools\compiler\ti-cgt-c2000_18.12.4.LTS\lib\</path>
         <kind>archive</kind>
         <file>rts2800_fpu32_eabi.lib</file>
         <name>args_main.c.obj</name>
      </input_file>
      <input_file id="fl-25">
         <path>C:\ti\ccs910\ccs\tools\compiler\ti-cgt-c2000_18.12.4.LTS\lib\</path>
         <kind>archive</kind>
         <file>rts2800_fpu32_eabi.lib</file>
         <name>memset.c.obj</name>
      </input_file>
      <input_file id="fl-26">
         <path>C:\ti\ccs910\ccs\tools\compiler\ti-cgt-c2000_18.12.4.LTS\lib\</path>
         <kind>archive</kind>
         <file>rts2800_fpu32_eabi.lib</file>
         <name>cpy_tbl.c.obj</name>
      </input_file>
      <input_file id="fl-27">
         <path>C:\ti\ccs910\ccs\tools\compiler\ti-cgt-c2000_18.12.4.LTS\lib\</path>
         <kind>archive</kind>
         <file>rts2800_fpu32_eabi.lib</file>
         <name>memcpy.c.obj</name>
      </input_file>
      <input_file id="fl-28">
         <path>C:\ti\ccs910\ccs\tools\compiler\ti-cgt-c2000_18.12.4.LTS\lib\</path>
         <kind>archive</kind>
         <file>rts2800_fpu32_eabi.lib</file>
         <name>startup.c.obj</name>
      </input_file>
   </input_file_list>
   <object_component_list>
      <object_component id="oc-20">
         <name>codestart</name>
         <load_address>0x0</load_address>
         <run_address>0x0</run_address>
         <size>0x2</size>
         <input_file_ref idref="fl-4"/>
      </object_component>
      <object_component id="oc-fd">
         <name>.TI.ramfunc</name>
         <load_address>0xf3</load_address>
         <run_address>0xf3</run_address>
         <size>0x4</size>
         <input_file_ref idref="fl-10"/>
      </object_component>
      <object_component id="oc-cd">
         <name>.text</name>
         <load_address>0x8000</load_address>
         <run_address>0x8000</run_address>
         <size>0x1ab</size>
         <input_file_ref idref="fl-3"/>
      </object_component>
      <object_component id="oc-a1">
         <name>.text</name>
         <load_address>0x81ab</load_address>
         <run_address>0x81ab</run_address>
         <size>0xfe</size>
         <input_file_ref idref="fl-2"/>
      </object_component>
      <object_component id="oc-f1">
         <name>.text:CAN_setupMessageObject</name>
         <load_address>0x82a9</load_address>
         <run_address>0x82a9</run_address>
         <size>0xdf</size>
         <input_file_ref idref="fl-d"/>
      </object_component>
      <object_component id="oc-127">
         <name>.text:SysCtl_setClock</name>
         <load_address>0x8388</load_address>
         <run_address>0x8388</run_address>
         <size>0xb6</size>
         <input_file_ref idref="fl-10"/>
      </object_component>
      <object_component id="oc-1b3">
         <name>.text:SysCtl_isPLLValid</name>
         <load_address>0x843e</load_address>
         <run_address>0x843e</run_address>
         <size>0x9b</size>
         <input_file_ref idref="fl-10"/>
      </object_component>
      <object_component id="oc-f7">
         <name>.text:CAN_sendMessage</name>
         <load_address>0x84d9</load_address>
         <run_address>0x84d9</run_address>
         <size>0x7b</size>
         <input_file_ref idref="fl-d"/>
      </object_component>
      <object_component id="oc-fe">
         <name>.text:CAN_readMessage</name>
         <load_address>0x8554</load_address>
         <run_address>0x8554</run_address>
         <size>0x70</size>
         <input_file_ref idref="fl-d"/>
      </object_component>
      <object_component id="oc-15f">
         <name>.text:CAN_setBitTiming</name>
         <load_address>0x85c4</load_address>
         <run_address>0x85c4</run_address>
         <size>0x6a</size>
         <input_file_ref idref="fl-d"/>
      </object_component>
      <object_component id="oc-df">
         <name>.text:CAN_setBitRate</name>
         <load_address>0x862e</load_address>
         <run_address>0x862e</run_address>
         <size>0x61</size>
         <input_file_ref idref="fl-d"/>
      </object_component>
      <object_component id="oc-1ad">
         <name>.text:SysCtl_selectOscSource</name>
         <load_address>0x868f</load_address>
         <run_address>0x868f</run_address>
         <size>0x5b</size>
         <input_file_ref idref="fl-10"/>
      </object_component>
      <object_component id="oc-21c">
         <name>.text:DCC_setCounterSeeds</name>
         <load_address>0x86ea</load_address>
         <run_address>0x86ea</run_address>
         <size>0x56</size>
         <input_file_ref idref="fl-10"/>
      </object_component>
      <object_component id="oc-13a">
         <name>.text:GPIO_setPadConfig</name>
         <load_address>0x8740</load_address>
         <run_address>0x8740</run_address>
         <size>0x52</size>
         <input_file_ref idref="fl-e"/>
      </object_component>
      <object_component id="oc-12d">
         <name>.text:SysCtl_getClock</name>
         <load_address>0x8792</load_address>
         <run_address>0x8792</run_address>
         <size>0x51</size>
         <input_file_ref idref="fl-10"/>
      </object_component>
      <object_component id="oc-210">
         <name>.text:DCC_setCounter0ClkSource</name>
         <load_address>0x87e3</load_address>
         <run_address>0x87e3</run_address>
         <size>0x1d</size>
         <input_file_ref idref="fl-10"/>
      </object_component>
      <object_component id="oc-e5">
         <name>.text:Interrupt_initModule</name>
         <load_address>0x8800</load_address>
         <run_address>0x8800</run_address>
         <size>0x3d</size>
         <input_file_ref idref="fl-f"/>
      </object_component>
      <object_component id="oc-146">
         <name>.text:GPIO_setAnalogMode</name>
         <load_address>0x883d</load_address>
         <run_address>0x883d</run_address>
         <size>0x3b</size>
         <input_file_ref idref="fl-e"/>
      </object_component>
      <object_component id="oc-d3">
         <name>.text:GPIO_setPinConfig</name>
         <load_address>0x8878</load_address>
         <run_address>0x8878</run_address>
         <size>0x37</size>
         <input_file_ref idref="fl-e"/>
      </object_component>
      <object_component id="oc-140">
         <name>.text:GPIO_setDirectionMode</name>
         <load_address>0x88af</load_address>
         <run_address>0x88af</run_address>
         <size>0x31</size>
         <input_file_ref idref="fl-e"/>
      </object_component>
      <object_component id="oc-13">
         <name>.text:decompress:lzss</name>
         <load_address>0x88e0</load_address>
         <run_address>0x88e0</run_address>
         <size>0x31</size>
         <input_file_ref idref="fl-21"/>
      </object_component>
      <object_component id="oc-71">
         <name>.text:__TI_auto_init_nobinit_nopinit</name>
         <load_address>0x8911</load_address>
         <run_address>0x8911</run_address>
         <size>0x2b</size>
         <input_file_ref idref="fl-1e"/>
      </object_component>
      <object_component id="oc-60">
         <name>.text</name>
         <load_address>0x893c</load_address>
         <run_address>0x893c</run_address>
         <size>0x29</size>
         <input_file_ref idref="fl-22"/>
      </object_component>
      <object_component id="oc-222">
         <name>.text:DCC_enableSingleShotMode</name>
         <load_address>0x8965</load_address>
         <run_address>0x8965</run_address>
         <size>0x25</size>
         <input_file_ref idref="fl-10"/>
      </object_component>
      <object_component id="oc-1df">
         <name>.text:SysCtl_selectXTAL</name>
         <load_address>0x898a</load_address>
         <run_address>0x898a</run_address>
         <size>0x24</size>
         <input_file_ref idref="fl-10"/>
      </object_component>
      <object_component id="oc-23f">
         <name>.text:SysCtl_pollX1Counter</name>
         <load_address>0x89ae</load_address>
         <run_address>0x89ae</run_address>
         <size>0x22</size>
         <input_file_ref idref="fl-10"/>
      </object_component>
      <object_component id="oc-eb">
         <name>.text:Interrupt_initVectorTable</name>
         <load_address>0x89d0</load_address>
         <run_address>0x89d0</run_address>
         <size>0x20</size>
         <input_file_ref idref="fl-f"/>
      </object_component>
      <object_component id="oc-216">
         <name>.text:DCC_setCounter1ClkSource</name>
         <load_address>0x89f0</load_address>
         <run_address>0x89f0</run_address>
         <size>0x1f</size>
         <input_file_ref idref="fl-10"/>
      </object_component>
      <object_component id="oc-d9">
         <name>.text:CAN_initModule</name>
         <load_address>0x8a0f</load_address>
         <run_address>0x8a0f</run_address>
         <size>0x1e</size>
         <input_file_ref idref="fl-d"/>
      </object_component>
      <object_component id="oc-28">
         <name>.text</name>
         <load_address>0x8a2d</load_address>
         <run_address>0x8a2d</run_address>
         <size>0x1d</size>
         <input_file_ref idref="fl-27"/>
      </object_component>
      <object_component id="oc-182">
         <name>.text:CAN_writeDataReg</name>
         <load_address>0x8a4a</load_address>
         <run_address>0x8a4a</run_address>
         <size>0x1c</size>
         <input_file_ref idref="fl-d"/>
      </object_component>
      <object_component id="oc-157">
         <name>.text:CAN_initRAM</name>
         <load_address>0x8a66</load_address>
         <run_address>0x8a66</run_address>
         <size>0x1b</size>
         <input_file_ref idref="fl-d"/>
      </object_component>
      <object_component id="oc-189">
         <name>.text:CAN_readDataReg</name>
         <load_address>0x8a81</load_address>
         <run_address>0x8a81</run_address>
         <size>0x1b</size>
         <input_file_ref idref="fl-d"/>
      </object_component>
      <object_component id="oc-134">
         <name>.text:SysCtl_getLowSpeedClock</name>
         <load_address>0x8a9c</load_address>
         <run_address>0x8a9c</run_address>
         <size>0x1a</size>
         <input_file_ref idref="fl-10"/>
      </object_component>
      <object_component id="oc-1e5">
         <name>.text:SysCtl_selectXTALSingleEnded</name>
         <load_address>0x8ab6</load_address>
         <run_address>0x8ab6</run_address>
         <size>0x1a</size>
         <input_file_ref idref="fl-10"/>
      </object_component>
      <object_component id="oc-20a">
         <name>.text:DCC_disableDoneSignal</name>
         <load_address>0x8ad0</load_address>
         <run_address>0x8ad0</run_address>
         <size>0x17</size>
         <input_file_ref idref="fl-10"/>
      </object_component>
      <object_component id="oc-22e">
         <name>.text:DCC_enableDoneSignal</name>
         <load_address>0x8ae7</load_address>
         <run_address>0x8ae7</run_address>
         <size>0x17</size>
         <input_file_ref idref="fl-10"/>
      </object_component>
      <object_component id="oc-1ec">
         <name>.text:SysCtl_enablePeripheral</name>
         <load_address>0x8afe</load_address>
         <run_address>0x8afe</run_address>
         <size>0x17</size>
         <input_file_ref idref="fl-10"/>
      </object_component>
      <object_component id="oc-3c">
         <name>.text</name>
         <load_address>0x8b15</load_address>
         <run_address>0x8b15</run_address>
         <size>0x17</size>
         <input_file_ref idref="fl-1c"/>
      </object_component>
      <object_component id="oc-1f8">
         <name>.text:DCC_clearDoneFlag</name>
         <load_address>0x8b2c</load_address>
         <run_address>0x8b2c</run_address>
         <size>0x16</size>
         <input_file_ref idref="fl-10"/>
      </object_component>
      <object_component id="oc-1f2">
         <name>.text:DCC_clearErrorFlag</name>
         <load_address>0x8b42</load_address>
         <run_address>0x8b42</run_address>
         <size>0x16</size>
         <input_file_ref idref="fl-10"/>
      </object_component>
      <object_component id="oc-204">
         <name>.text:DCC_disableErrorSignal</name>
         <load_address>0x8b58</load_address>
         <run_address>0x8b58</run_address>
         <size>0x16</size>
         <input_file_ref idref="fl-10"/>
      </object_component>
      <object_component id="oc-228">
         <name>.text:DCC_enableErrorSignal</name>
         <load_address>0x8b6e</load_address>
         <run_address>0x8b6e</run_address>
         <size>0x16</size>
         <input_file_ref idref="fl-10"/>
      </object_component>
      <object_component id="oc-150">
         <name>.text:CAN_isBaseValid</name>
         <load_address>0x8b84</load_address>
         <run_address>0x8b84</run_address>
         <size>0x15</size>
         <input_file_ref idref="fl-d"/>
      </object_component>
      <object_component id="oc-1fe">
         <name>.text:DCC_disableModule</name>
         <load_address>0x8b99</load_address>
         <run_address>0x8b99</run_address>
         <size>0x14</size>
         <input_file_ref idref="fl-10"/>
      </object_component>
      <object_component id="oc-234">
         <name>.text:DCC_enableModule</name>
         <load_address>0x8bad</load_address>
         <run_address>0x8bad</run_address>
         <size>0x14</size>
         <input_file_ref idref="fl-10"/>
      </object_component>
      <object_component id="oc-1bd">
         <name>.text:GPIO_isPinValid</name>
         <load_address>0x8bc1</load_address>
         <run_address>0x8bc1</run_address>
         <size>0x14</size>
         <input_file_ref idref="fl-e"/>
      </object_component>
      <object_component id="oc-24e">
         <name>.text:DCC_isBaseValid</name>
         <load_address>0x8bd5</load_address>
         <run_address>0x8bd5</run_address>
         <size>0x10</size>
         <input_file_ref idref="fl-10"/>
      </object_component>
      <object_component id="oc-16e">
         <name>.text:Interrupt_defaultHandler</name>
         <load_address>0x8be5</load_address>
         <run_address>0x8be5</run_address>
         <size>0xe</size>
         <input_file_ref idref="fl-f"/>
      </object_component>
      <object_component id="oc-166">
         <name>.text:Interrupt_disableMaster</name>
         <load_address>0x8bf3</load_address>
         <run_address>0x8bf3</run_address>
         <size>0xd</size>
         <input_file_ref idref="fl-f"/>
      </object_component>
      <object_component id="oc-30">
         <name>.text:decompress:ZI:__TI_zero_init_nomemset</name>
         <load_address>0x8c00</load_address>
         <run_address>0x8c00</run_address>
         <size>0xd</size>
         <input_file_ref idref="fl-1f"/>
      </object_component>
      <object_component id="oc-5a">
         <name>.text</name>
         <load_address>0x8c0d</load_address>
         <run_address>0x8c0d</run_address>
         <size>0xc</size>
         <input_file_ref idref="fl-24"/>
      </object_component>
      <object_component id="oc-1a7">
         <name>.text:SysCtl_isMCDClockFailureDetected</name>
         <load_address>0x8c19</load_address>
         <run_address>0x8c19</run_address>
         <size>0xb</size>
         <input_file_ref idref="fl-10"/>
      </object_component>
      <object_component id="oc-114">
         <name>.text</name>
         <load_address>0x8c24</load_address>
         <run_address>0x8c24</run_address>
         <size>0x9</size>
         <input_file_ref idref="fl-23"/>
      </object_component>
      <object_component id="oc-19">
         <name>.text:decompress:none</name>
         <load_address>0x8c2d</load_address>
         <run_address>0x8c2d</run_address>
         <size>0x8</size>
         <input_file_ref idref="fl-20"/>
      </object_component>
      <object_component id="oc-245">
         <name>.text:SysCtl_resetMCD</name>
         <load_address>0x8c35</load_address>
         <run_address>0x8c35</run_address>
         <size>0x7</size>
         <input_file_ref idref="fl-10"/>
      </object_component>
      <object_component id="oc-17a">
         <name>.text:Interrupt_illegalOperationHandler</name>
         <load_address>0x8c3c</load_address>
         <run_address>0x8c3c</run_address>
         <size>0x2</size>
         <input_file_ref idref="fl-f"/>
      </object_component>
      <object_component id="oc-174">
         <name>.text:Interrupt_nmiHandler</name>
         <load_address>0x8c3e</load_address>
         <run_address>0x8c3e</run_address>
         <size>0x2</size>
         <input_file_ref idref="fl-f"/>
      </object_component>
      <object_component id="oc-53">
         <name>.text</name>
         <load_address>0x8c40</load_address>
         <run_address>0x8c40</run_address>
         <size>0x2</size>
         <input_file_ref idref="fl-1d"/>
      </object_component>
      <object_component id="oc-b7">
         <name>.text</name>
         <load_address>0x8c42</load_address>
         <run_address>0x8c42</run_address>
         <size>0x1</size>
         <input_file_ref idref="fl-28"/>
      </object_component>
      <object_component id="oc-28c">
         <name>.cinit..data.load</name>
         <load_address>0xf8</load_address>
         <run_address>0xf8</run_address>
         <size>0x9</size>
      </object_component>
      <object_component id="oc-289">
         <name>__TI_handler_table</name>
         <load_address>0x102</load_address>
         <run_address>0x102</run_address>
         <size>0x6</size>
      </object_component>
      <object_component id="oc-28b">
         <name>.cinit..bss.load</name>
         <load_address>0x108</load_address>
         <run_address>0x108</run_address>
         <size>0x4</size>
      </object_component>
      <object_component id="oc-28a">
         <name>__TI_cinit_table</name>
         <load_address>0x10c</load_address>
         <run_address>0x10c</run_address>
         <size>0x8</size>
      </object_component>
      <object_component id="oc-25">
         <name>.stack</name>
         <uninitialized>true</uninitialized>
         <run_address>0x400</run_address>
         <size>0x0</size>
         <input_file_ref idref="fl-1c"/>
      </object_component>
      <object_component id="oc-28d">
         <name>.stack</name>
         <uninitialized>true</uninitialized>
         <run_address>0x400</run_address>
         <size>0x0</size>
      </object_component>
      <object_component id="oc-10a">
         <name>.bss:g_rxMsgData</name>
         <uninitialized>true</uninitialized>
         <run_address>0xaa9e</run_address>
         <size>0x2</size>
         <input_file_ref idref="fl-2"/>
      </object_component>
      <object_component id="oc-1a6">
         <name>.const:.string</name>
         <load_address>0xa800</load_address>
         <run_address>0xa800</run_address>
         <size>0xbe</size>
         <input_file_ref idref="fl-10"/>
      </object_component>
      <object_component id="oc-1c3">
         <name>.const:.string</name>
         <load_address>0xa8be</load_address>
         <run_address>0xa8be</run_address>
         <size>0xbc</size>
         <input_file_ref idref="fl-e"/>
      </object_component>
      <object_component id="oc-156">
         <name>.const:.string</name>
         <load_address>0xa97a</load_address>
         <run_address>0xa97a</run_address>
         <size>0xbb</size>
         <input_file_ref idref="fl-d"/>
      </object_component>
      <object_component id="oc-cc">
         <name>.const:.string</name>
         <load_address>0xaa36</load_address>
         <run_address>0xaa36</run_address>
         <size>0x43</size>
         <input_file_ref idref="fl-2"/>
      </object_component>
      <object_component id="oc-133">
         <name>.const:.string</name>
         <load_address>0xaa7a</load_address>
         <run_address>0xaa7a</run_address>
         <size>0x13</size>
         <input_file_ref idref="fl-3"/>
      </object_component>
      <object_component id="oc-107">
         <name>.data</name>
         <load_address>0xaa9c</load_address>
         <run_address>0xaa9c</run_address>
         <size>0x2</size>
         <input_file_ref idref="fl-2"/>
      </object_component>
      <object_component id="oc-104">
         <name>.data</name>
         <load_address>0xaa94</load_address>
         <run_address>0xaa94</run_address>
         <size>0x4</size>
         <input_file_ref idref="fl-3"/>
      </object_component>
      <object_component id="oc-a9">
         <name>.data</name>
         <load_address>0xaa8e</load_address>
         <run_address>0xaa8e</run_address>
         <size>0x6</size>
         <input_file_ref idref="fl-22"/>
      </object_component>
      <object_component id="oc-ac">
         <name>.data:_lock</name>
         <load_address>0xaa98</load_address>
         <run_address>0xaa98</run_address>
         <size>0x2</size>
         <input_file_ref idref="fl-23"/>
      </object_component>
      <object_component id="oc-199">
         <name>.data:_unlock</name>
         <load_address>0xaa9a</load_address>
         <run_address>0xaa9a</run_address>
         <size>0x2</size>
         <input_file_ref idref="fl-23"/>
      </object_component>
      <object_component id="oc-10e">
         <name>.debug_types</name>
         <load_address>0x0</load_address>
         <run_address>0x0</run_address>
         <size>0x63e</size>
         <input_file_ref idref="fl-2"/>
      </object_component>
      <object_component id="oc-14d">
         <name>.debug_types</name>
         <load_address>0x63e</load_address>
         <run_address>0x63e</run_address>
         <size>0xb24</size>
         <input_file_ref idref="fl-3"/>
      </object_component>
      <object_component id="oc-15e">
         <name>.debug_types</name>
         <load_address>0x1162</load_address>
         <run_address>0x1162</run_address>
         <size>0x159</size>
         <input_file_ref idref="fl-d"/>
      </object_component>
      <object_component id="oc-14f">
         <name>.debug_types</name>
         <load_address>0x12bb</load_address>
         <run_address>0x12bb</run_address>
         <size>0x439</size>
         <input_file_ref idref="fl-e"/>
      </object_component>
      <object_component id="oc-16d">
         <name>.debug_types</name>
         <load_address>0x0</load_address>
         <run_address>0x0</run_address>
         <size>0x0</size>
         <input_file_ref idref="fl-f"/>
      </object_component>
      <object_component id="oc-1ba">
         <name>.debug_types</name>
         <load_address>0x16f4</load_address>
         <run_address>0x16f4</run_address>
         <size>0x315</size>
         <input_file_ref idref="fl-10"/>
      </object_component>
      <object_component id="oc-70">
         <name>.debug_types</name>
         <load_address>0x0</load_address>
         <run_address>0x0</run_address>
         <size>0x0</size>
         <input_file_ref idref="fl-1d"/>
      </object_component>
      <object_component id="oc-be">
         <name>.debug_types</name>
         <load_address>0x1a09</load_address>
         <run_address>0x1a09</run_address>
         <size>0x517</size>
         <input_file_ref idref="fl-1e"/>
      </object_component>
      <object_component id="oc-4b">
         <name>.debug_types</name>
         <load_address>0x1f20</load_address>
         <run_address>0x1f20</run_address>
         <size>0x1f3</size>
         <input_file_ref idref="fl-1f"/>
      </object_component>
      <object_component id="oc-2f">
         <name>.debug_types</name>
         <load_address>0x0</load_address>
         <run_address>0x0</run_address>
         <size>0x0</size>
         <input_file_ref idref="fl-20"/>
      </object_component>
      <object_component id="oc-27">
         <name>.debug_types</name>
         <load_address>0x2113</load_address>
         <run_address>0x2113</run_address>
         <size>0x191</size>
         <input_file_ref idref="fl-21"/>
      </object_component>
      <object_component id="oc-b0">
         <name>.debug_types</name>
         <load_address>0x22a4</load_address>
         <run_address>0x22a4</run_address>
         <size>0xbf</size>
         <input_file_ref idref="fl-22"/>
      </object_component>
      <object_component id="oc-11c">
         <name>.debug_types</name>
         <load_address>0x2363</load_address>
         <run_address>0x2363</run_address>
         <size>0x2f</size>
         <input_file_ref idref="fl-23"/>
      </object_component>
      <object_component id="oc-a8">
         <name>.debug_types</name>
         <load_address>0x2392</load_address>
         <run_address>0x2392</run_address>
         <size>0xe1</size>
         <input_file_ref idref="fl-24"/>
      </object_component>
      <object_component id="oc-46">
         <name>.debug_types</name>
         <load_address>0x2473</load_address>
         <run_address>0x2473</run_address>
         <size>0xb8</size>
         <input_file_ref idref="fl-27"/>
      </object_component>
      <object_component id="oc-121">
         <name>.debug_types</name>
         <load_address>0x0</load_address>
         <run_address>0x0</run_address>
         <size>0x0</size>
         <input_file_ref idref="fl-28"/>
      </object_component>
      <object_component id="oc-108">
         <name>.debug_info</name>
         <load_address>0x0</load_address>
         <run_address>0x0</run_address>
         <size>0x10c</size>
         <input_file_ref idref="fl-2"/>
      </object_component>
      <object_component id="oc-10b">
         <name>.debug_info</name>
         <load_address>0x10c</load_address>
         <run_address>0x10c</run_address>
         <size>0x112</size>
         <input_file_ref idref="fl-2"/>
      </object_component>
      <object_component id="oc-a3">
         <name>.debug_info</name>
         <load_address>0x21e</load_address>
         <run_address>0x21e</run_address>
         <size>0x509</size>
         <input_file_ref idref="fl-2"/>
      </object_component>
      <object_component id="oc-105">
         <name>.debug_info</name>
         <load_address>0x727</load_address>
         <run_address>0x727</run_address>
         <size>0x147</size>
         <input_file_ref idref="fl-3"/>
      </object_component>
      <object_component id="oc-d1">
         <name>.debug_info</name>
         <load_address>0x86e</load_address>
         <run_address>0x86e</run_address>
         <size>0xf30</size>
         <input_file_ref idref="fl-3"/>
      </object_component>
      <object_component id="oc-22">
         <name>.debug_info</name>
         <load_address>0x179e</load_address>
         <run_address>0x179e</run_address>
         <size>0x12d</size>
         <input_file_ref idref="fl-4"/>
      </object_component>
      <object_component id="oc-153">
         <name>.debug_info</name>
         <load_address>0x18cb</load_address>
         <run_address>0x18cb</run_address>
         <size>0x208</size>
         <input_file_ref idref="fl-d"/>
      </object_component>
      <object_component id="oc-185">
         <name>.debug_info</name>
         <load_address>0x1ad3</load_address>
         <run_address>0x1ad3</run_address>
         <size>0x25e</size>
         <input_file_ref idref="fl-d"/>
      </object_component>
      <object_component id="oc-18a">
         <name>.debug_info</name>
         <load_address>0x1d31</load_address>
         <run_address>0x1d31</run_address>
         <size>0x25c</size>
         <input_file_ref idref="fl-d"/>
      </object_component>
      <object_component id="oc-159">
         <name>.debug_info</name>
         <load_address>0x1f8d</load_address>
         <run_address>0x1f8d</run_address>
         <size>0x21c</size>
         <input_file_ref idref="fl-d"/>
      </object_component>
      <object_component id="oc-db">
         <name>.debug_info</name>
         <load_address>0x21a9</load_address>
         <run_address>0x21a9</run_address>
         <size>0x243</size>
         <input_file_ref idref="fl-d"/>
      </object_component>
      <object_component id="oc-e0">
         <name>.debug_info</name>
         <load_address>0x23ec</load_address>
         <run_address>0x23ec</run_address>
         <size>0x367</size>
         <input_file_ref idref="fl-d"/>
      </object_component>
      <object_component id="oc-162">
         <name>.debug_info</name>
         <load_address>0x2753</load_address>
         <run_address>0x2753</run_address>
         <size>0x334</size>
         <input_file_ref idref="fl-d"/>
      </object_component>
      <object_component id="oc-f2">
         <name>.debug_info</name>
         <load_address>0x2a87</load_address>
         <run_address>0x2a87</run_address>
         <size>0x34b</size>
         <input_file_ref idref="fl-d"/>
      </object_component>
      <object_component id="oc-f8">
         <name>.debug_info</name>
         <load_address>0x2dd2</load_address>
         <run_address>0x2dd2</run_address>
         <size>0x2d9</size>
         <input_file_ref idref="fl-d"/>
      </object_component>
      <object_component id="oc-ff">
         <name>.debug_info</name>
         <load_address>0x30ab</load_address>
         <run_address>0x30ab</run_address>
         <size>0x2b0</size>
         <input_file_ref idref="fl-d"/>
      </object_component>
      <object_component id="oc-1be">
         <name>.debug_info</name>
         <load_address>0x335b</load_address>
         <run_address>0x335b</run_address>
         <size>0x206</size>
         <input_file_ref idref="fl-e"/>
      </object_component>
      <object_component id="oc-142">
         <name>.debug_info</name>
         <load_address>0x3561</load_address>
         <run_address>0x3561</run_address>
         <size>0x27e</size>
         <input_file_ref idref="fl-e"/>
      </object_component>
      <object_component id="oc-13c">
         <name>.debug_info</name>
         <load_address>0x37df</load_address>
         <run_address>0x37df</run_address>
         <size>0x267</size>
         <input_file_ref idref="fl-e"/>
      </object_component>
      <object_component id="oc-147">
         <name>.debug_info</name>
         <load_address>0x3a46</load_address>
         <run_address>0x3a46</run_address>
         <size>0x263</size>
         <input_file_ref idref="fl-e"/>
      </object_component>
      <object_component id="oc-d6">
         <name>.debug_info</name>
         <load_address>0x3ca9</load_address>
         <run_address>0x3ca9</run_address>
         <size>0x250</size>
         <input_file_ref idref="fl-e"/>
      </object_component>
      <object_component id="oc-167">
         <name>.debug_info</name>
         <load_address>0x3ef9</load_address>
         <run_address>0x3ef9</run_address>
         <size>0x203</size>
         <input_file_ref idref="fl-f"/>
      </object_component>
      <object_component id="oc-171">
         <name>.debug_info</name>
         <load_address>0x40fc</load_address>
         <run_address>0x40fc</run_address>
         <size>0x21d</size>
         <input_file_ref idref="fl-f"/>
      </object_component>
      <object_component id="oc-17d">
         <name>.debug_info</name>
         <load_address>0x4319</load_address>
         <run_address>0x4319</run_address>
         <size>0x203</size>
         <input_file_ref idref="fl-f"/>
      </object_component>
      <object_component id="oc-178">
         <name>.debug_info</name>
         <load_address>0x451c</load_address>
         <run_address>0x451c</run_address>
         <size>0x1e9</size>
         <input_file_ref idref="fl-f"/>
      </object_component>
      <object_component id="oc-e8">
         <name>.debug_info</name>
         <load_address>0x4705</load_address>
         <run_address>0x4705</run_address>
         <size>0x210</size>
         <input_file_ref idref="fl-f"/>
      </object_component>
      <object_component id="oc-ec">
         <name>.debug_info</name>
         <load_address>0x4915</load_address>
         <run_address>0x4915</run_address>
         <size>0x20b</size>
         <input_file_ref idref="fl-f"/>
      </object_component>
      <object_component id="oc-1ed">
         <name>.debug_info</name>
         <load_address>0x4b20</load_address>
         <run_address>0x4b20</run_address>
         <size>0x24c</size>
         <input_file_ref idref="fl-10"/>
      </object_component>
      <object_component id="oc-1a8">
         <name>.debug_info</name>
         <load_address>0x4d6c</load_address>
         <run_address>0x4d6c</run_address>
         <size>0x20f</size>
         <input_file_ref idref="fl-10"/>
      </object_component>
      <object_component id="oc-246">
         <name>.debug_info</name>
         <load_address>0x4f7b</load_address>
         <run_address>0x4f7b</run_address>
         <size>0x1e5</size>
         <input_file_ref idref="fl-10"/>
      </object_component>
      <object_component id="oc-24f">
         <name>.debug_info</name>
         <load_address>0x5160</load_address>
         <run_address>0x5160</run_address>
         <size>0x209</size>
         <input_file_ref idref="fl-10"/>
      </object_component>
      <object_component id="oc-235">
         <name>.debug_info</name>
         <load_address>0x5369</load_address>
         <run_address>0x5369</run_address>
         <size>0x227</size>
         <input_file_ref idref="fl-10"/>
      </object_component>
      <object_component id="oc-1ff">
         <name>.debug_info</name>
         <load_address>0x5590</load_address>
         <run_address>0x5590</run_address>
         <size>0x229</size>
         <input_file_ref idref="fl-10"/>
      </object_component>
      <object_component id="oc-229">
         <name>.debug_info</name>
         <load_address>0x57b9</load_address>
         <run_address>0x57b9</run_address>
         <size>0x232</size>
         <input_file_ref idref="fl-10"/>
      </object_component>
      <object_component id="oc-22f">
         <name>.debug_info</name>
         <load_address>0x59eb</load_address>
         <run_address>0x59eb</run_address>
         <size>0x231</size>
         <input_file_ref idref="fl-10"/>
      </object_component>
      <object_component id="oc-205">
         <name>.debug_info</name>
         <load_address>0x5c1c</load_address>
         <run_address>0x5c1c</run_address>
         <size>0x235</size>
         <input_file_ref idref="fl-10"/>
      </object_component>
      <object_component id="oc-20b">
         <name>.debug_info</name>
         <load_address>0x5e51</load_address>
         <run_address>0x5e51</run_address>
         <size>0x233</size>
         <input_file_ref idref="fl-10"/>
      </object_component>
      <object_component id="oc-223">
         <name>.debug_info</name>
         <load_address>0x6084</load_address>
         <run_address>0x6084</run_address>
         <size>0x25a</size>
         <input_file_ref idref="fl-10"/>
      </object_component>
      <object_component id="oc-1f3">
         <name>.debug_info</name>
         <load_address>0x62de</load_address>
         <run_address>0x62de</run_address>
         <size>0x22d</size>
         <input_file_ref idref="fl-10"/>
      </object_component>
      <object_component id="oc-1f9">
         <name>.debug_info</name>
         <load_address>0x650b</load_address>
         <run_address>0x650b</run_address>
         <size>0x22b</size>
         <input_file_ref idref="fl-10"/>
      </object_component>
      <object_component id="oc-217">
         <name>.debug_info</name>
         <load_address>0x6736</load_address>
         <run_address>0x6736</run_address>
         <size>0x25e</size>
         <input_file_ref idref="fl-10"/>
      </object_component>
      <object_component id="oc-211">
         <name>.debug_info</name>
         <load_address>0x6994</load_address>
         <run_address>0x6994</run_address>
         <size>0x25e</size>
         <input_file_ref idref="fl-10"/>
      </object_component>
      <object_component id="oc-21d">
         <name>.debug_info</name>
         <load_address>0x6bf2</load_address>
         <run_address>0x6bf2</run_address>
         <size>0x2a0</size>
         <input_file_ref idref="fl-10"/>
      </object_component>
      <object_component id="oc-240">
         <name>.debug_info</name>
         <load_address>0x6e92</load_address>
         <run_address>0x6e92</run_address>
         <size>0x215</size>
         <input_file_ref idref="fl-10"/>
      </object_component>
      <object_component id="oc-12e">
         <name>.debug_info</name>
         <load_address>0x70a7</load_address>
         <run_address>0x70a7</run_address>
         <size>0x278</size>
         <input_file_ref idref="fl-10"/>
      </object_component>
      <object_component id="oc-128">
         <name>.debug_info</name>
         <load_address>0x731f</load_address>
         <run_address>0x731f</run_address>
         <size>0x352</size>
         <input_file_ref idref="fl-10"/>
      </object_component>
      <object_component id="oc-1e1">
         <name>.debug_info</name>
         <load_address>0x7671</load_address>
         <run_address>0x7671</run_address>
         <size>0x258</size>
         <input_file_ref idref="fl-10"/>
      </object_component>
      <object_component id="oc-1e8">
         <name>.debug_info</name>
         <load_address>0x78c9</load_address>
         <run_address>0x78c9</run_address>
         <size>0x23f</size>
         <input_file_ref idref="fl-10"/>
      </object_component>
      <object_component id="oc-1b1">
         <name>.debug_info</name>
         <load_address>0x7b08</load_address>
         <run_address>0x7b08</run_address>
         <size>0x266</size>
         <input_file_ref idref="fl-10"/>
      </object_component>
      <object_component id="oc-137">
         <name>.debug_info</name>
         <load_address>0x7d6e</load_address>
         <run_address>0x7d6e</run_address>
         <size>0x252</size>
         <input_file_ref idref="fl-10"/>
      </object_component>
      <object_component id="oc-1b7">
         <name>.debug_info</name>
         <load_address>0x7fc0</load_address>
         <run_address>0x7fc0</run_address>
         <size>0x43d</size>
         <input_file_ref idref="fl-10"/>
      </object_component>
      <object_component id="oc-3d">
         <name>.debug_info</name>
         <load_address>0x83fd</load_address>
         <run_address>0x83fd</run_address>
         <size>0x157</size>
         <input_file_ref idref="fl-1c"/>
      </object_component>
      <object_component id="oc-54">
         <name>.debug_info</name>
         <load_address>0x8554</load_address>
         <run_address>0x8554</run_address>
         <size>0x14c</size>
         <input_file_ref idref="fl-1d"/>
      </object_component>
      <object_component id="oc-73">
         <name>.debug_info</name>
         <load_address>0x86a0</load_address>
         <run_address>0x86a0</run_address>
         <size>0x1be</size>
         <input_file_ref idref="fl-1e"/>
      </object_component>
      <object_component id="oc-34">
         <name>.debug_info</name>
         <load_address>0x885e</load_address>
         <run_address>0x885e</run_address>
         <size>0x1b5</size>
         <input_file_ref idref="fl-1f"/>
      </object_component>
      <object_component id="oc-1a">
         <name>.debug_info</name>
         <load_address>0x8a13</load_address>
         <run_address>0x8a13</run_address>
         <size>0x1b6</size>
         <input_file_ref idref="fl-20"/>
      </object_component>
      <object_component id="oc-14">
         <name>.debug_info</name>
         <load_address>0x8bc9</load_address>
         <run_address>0x8bc9</run_address>
         <size>0x20b</size>
         <input_file_ref idref="fl-21"/>
      </object_component>
      <object_component id="oc-aa">
         <name>.debug_info</name>
         <load_address>0x8dd4</load_address>
         <run_address>0x8dd4</run_address>
         <size>0x19d</size>
         <input_file_ref idref="fl-22"/>
      </object_component>
      <object_component id="oc-63">
         <name>.debug_info</name>
         <load_address>0x8f71</load_address>
         <run_address>0x8f71</run_address>
         <size>0x1a8</size>
         <input_file_ref idref="fl-22"/>
      </object_component>
      <object_component id="oc-ad">
         <name>.debug_info</name>
         <load_address>0x9119</load_address>
         <run_address>0x9119</run_address>
         <size>0x106</size>
         <input_file_ref idref="fl-23"/>
      </object_component>
      <object_component id="oc-19a">
         <name>.debug_info</name>
         <load_address>0x921f</load_address>
         <run_address>0x921f</run_address>
         <size>0x10a</size>
         <input_file_ref idref="fl-23"/>
      </object_component>
      <object_component id="oc-117">
         <name>.debug_info</name>
         <load_address>0x9329</load_address>
         <run_address>0x9329</run_address>
         <size>0x202</size>
         <input_file_ref idref="fl-23"/>
      </object_component>
      <object_component id="oc-5c">
         <name>.debug_info</name>
         <load_address>0x952b</load_address>
         <run_address>0x952b</run_address>
         <size>0x15c</size>
         <input_file_ref idref="fl-24"/>
      </object_component>
      <object_component id="oc-29">
         <name>.debug_info</name>
         <load_address>0x9687</load_address>
         <run_address>0x9687</run_address>
         <size>0x19a</size>
         <input_file_ref idref="fl-27"/>
      </object_component>
      <object_component id="oc-ba">
         <name>.debug_info</name>
         <load_address>0x9821</load_address>
         <run_address>0x9821</run_address>
         <size>0x146</size>
         <input_file_ref idref="fl-28"/>
      </object_component>
      <object_component id="oc-290">
         <name>.debug_info</name>
         <load_address>0x9967</load_address>
         <run_address>0x9967</run_address>
         <size>0xcc</size>
      </object_component>
      <object_component id="oc-193">
         <name>.debug_line</name>
         <load_address>0x0</load_address>
         <run_address>0x0</run_address>
         <size>0x3a</size>
         <input_file_ref idref="fl-2"/>
      </object_component>
      <object_component id="oc-195">
         <name>.debug_line</name>
         <load_address>0x3a</load_address>
         <run_address>0x3a</run_address>
         <size>0x3a</size>
         <input_file_ref idref="fl-2"/>
      </object_component>
      <object_component id="oc-a5">
         <name>.debug_line</name>
         <load_address>0x74</load_address>
         <run_address>0x74</run_address>
         <size>0x128</size>
         <input_file_ref idref="fl-2"/>
      </object_component>
      <object_component id="oc-197">
         <name>.debug_line</name>
         <load_address>0x19c</load_address>
         <run_address>0x19c</run_address>
         <size>0x158</size>
         <input_file_ref idref="fl-2"/>
      </object_component>
      <object_component id="oc-191">
         <name>.debug_line</name>
         <load_address>0x2f4</load_address>
         <run_address>0x2f4</run_address>
         <size>0x37</size>
         <input_file_ref idref="fl-3"/>
      </object_component>
      <object_component id="oc-ce">
         <name>.debug_line</name>
         <load_address>0x32b</load_address>
         <run_address>0x32b</run_address>
         <size>0x283</size>
         <input_file_ref idref="fl-3"/>
      </object_component>
      <object_component id="oc-1c8">
         <name>.debug_line</name>
         <load_address>0x5ae</load_address>
         <run_address>0x5ae</run_address>
         <size>0x6a</size>
         <input_file_ref idref="fl-3"/>
      </object_component>
      <object_component id="oc-21">
         <name>.debug_line</name>
         <load_address>0x618</load_address>
         <run_address>0x618</run_address>
         <size>0x55</size>
         <input_file_ref idref="fl-4"/>
      </object_component>
      <object_component id="oc-151">
         <name>.debug_line</name>
         <load_address>0x66d</load_address>
         <run_address>0x66d</run_address>
         <size>0x97</size>
         <input_file_ref idref="fl-d"/>
      </object_component>
      <object_component id="oc-183">
         <name>.debug_line</name>
         <load_address>0x704</load_address>
         <run_address>0x704</run_address>
         <size>0xaa</size>
         <input_file_ref idref="fl-d"/>
      </object_component>
      <object_component id="oc-18d">
         <name>.debug_line</name>
         <load_address>0x7ae</load_address>
         <run_address>0x7ae</run_address>
         <size>0xa7</size>
         <input_file_ref idref="fl-d"/>
      </object_component>
      <object_component id="oc-158">
         <name>.debug_line</name>
         <load_address>0x855</load_address>
         <run_address>0x855</run_address>
         <size>0x9c</size>
         <input_file_ref idref="fl-d"/>
      </object_component>
      <object_component id="oc-da">
         <name>.debug_line</name>
         <load_address>0x8f1</load_address>
         <run_address>0x8f1</run_address>
         <size>0x9d</size>
         <input_file_ref idref="fl-d"/>
      </object_component>
      <object_component id="oc-e3">
         <name>.debug_line</name>
         <load_address>0x98e</load_address>
         <run_address>0x98e</run_address>
         <size>0xbc</size>
         <input_file_ref idref="fl-d"/>
      </object_component>
      <object_component id="oc-160">
         <name>.debug_line</name>
         <load_address>0xa4a</load_address>
         <run_address>0xa4a</run_address>
         <size>0xac</size>
         <input_file_ref idref="fl-d"/>
      </object_component>
      <object_component id="oc-f5">
         <name>.debug_line</name>
         <load_address>0xaf6</load_address>
         <run_address>0xaf6</run_address>
         <size>0x113</size>
         <input_file_ref idref="fl-d"/>
      </object_component>
      <object_component id="oc-fb">
         <name>.debug_line</name>
         <load_address>0xc09</load_address>
         <run_address>0xc09</run_address>
         <size>0xb3</size>
         <input_file_ref idref="fl-d"/>
      </object_component>
      <object_component id="oc-102">
         <name>.debug_line</name>
         <load_address>0xcbc</load_address>
         <run_address>0xcbc</run_address>
         <size>0xb6</size>
         <input_file_ref idref="fl-d"/>
      </object_component>
      <object_component id="oc-1d0">
         <name>.debug_line</name>
         <load_address>0xd72</load_address>
         <run_address>0xd72</run_address>
         <size>0x146</size>
         <input_file_ref idref="fl-d"/>
      </object_component>
      <object_component id="oc-1c1">
         <name>.debug_line</name>
         <load_address>0xeb8</load_address>
         <run_address>0xeb8</run_address>
         <size>0x98</size>
         <input_file_ref idref="fl-e"/>
      </object_component>
      <object_component id="oc-141">
         <name>.debug_line</name>
         <load_address>0xf50</load_address>
         <run_address>0xf50</run_address>
         <size>0xa7</size>
         <input_file_ref idref="fl-e"/>
      </object_component>
      <object_component id="oc-13b">
         <name>.debug_line</name>
         <load_address>0xff7</load_address>
         <run_address>0xff7</run_address>
         <size>0xc0</size>
         <input_file_ref idref="fl-e"/>
      </object_component>
      <object_component id="oc-14b">
         <name>.debug_line</name>
         <load_address>0x10b7</load_address>
         <run_address>0x10b7</run_address>
         <size>0xa8</size>
         <input_file_ref idref="fl-e"/>
      </object_component>
      <object_component id="oc-d5">
         <name>.debug_line</name>
         <load_address>0x115f</load_address>
         <run_address>0x115f</run_address>
         <size>0x9f</size>
         <input_file_ref idref="fl-e"/>
      </object_component>
      <object_component id="oc-1cb">
         <name>.debug_line</name>
         <load_address>0x11fe</load_address>
         <run_address>0x11fe</run_address>
         <size>0xe4</size>
         <input_file_ref idref="fl-e"/>
      </object_component>
      <object_component id="oc-16b">
         <name>.debug_line</name>
         <load_address>0x12e2</load_address>
         <run_address>0x12e2</run_address>
         <size>0x9d</size>
         <input_file_ref idref="fl-f"/>
      </object_component>
      <object_component id="oc-16f">
         <name>.debug_line</name>
         <load_address>0x137f</load_address>
         <run_address>0x137f</run_address>
         <size>0xa3</size>
         <input_file_ref idref="fl-f"/>
      </object_component>
      <object_component id="oc-17b">
         <name>.debug_line</name>
         <load_address>0x1422</load_address>
         <run_address>0x1422</run_address>
         <size>0x9b</size>
         <input_file_ref idref="fl-f"/>
      </object_component>
      <object_component id="oc-176">
         <name>.debug_line</name>
         <load_address>0x14bd</load_address>
         <run_address>0x14bd</run_address>
         <size>0x9b</size>
         <input_file_ref idref="fl-f"/>
      </object_component>
      <object_component id="oc-e6">
         <name>.debug_line</name>
         <load_address>0x1558</load_address>
         <run_address>0x1558</run_address>
         <size>0xb8</size>
         <input_file_ref idref="fl-f"/>
      </object_component>
      <object_component id="oc-f0">
         <name>.debug_line</name>
         <load_address>0x1610</load_address>
         <run_address>0x1610</run_address>
         <size>0xb1</size>
         <input_file_ref idref="fl-f"/>
      </object_component>
      <object_component id="oc-1d5">
         <name>.debug_line</name>
         <load_address>0x16c1</load_address>
         <run_address>0x16c1</run_address>
         <size>0x21</size>
         <input_file_ref idref="fl-f"/>
      </object_component>
      <object_component id="oc-1f0">
         <name>.debug_line</name>
         <load_address>0x16e2</load_address>
         <run_address>0x16e2</run_address>
         <size>0x9e</size>
         <input_file_ref idref="fl-10"/>
      </object_component>
      <object_component id="oc-1ac">
         <name>.debug_line</name>
         <load_address>0x1780</load_address>
         <run_address>0x1780</run_address>
         <size>0x9a</size>
         <input_file_ref idref="fl-10"/>
      </object_component>
      <object_component id="oc-249">
         <name>.debug_line</name>
         <load_address>0x181a</load_address>
         <run_address>0x181a</run_address>
         <size>0x9c</size>
         <input_file_ref idref="fl-10"/>
      </object_component>
      <object_component id="oc-253">
         <name>.debug_line</name>
         <load_address>0x18b6</load_address>
         <run_address>0x18b6</run_address>
         <size>0x97</size>
         <input_file_ref idref="fl-10"/>
      </object_component>
      <object_component id="oc-238">
         <name>.debug_line</name>
         <load_address>0x194d</load_address>
         <run_address>0x194d</run_address>
         <size>0x9a</size>
         <input_file_ref idref="fl-10"/>
      </object_component>
      <object_component id="oc-202">
         <name>.debug_line</name>
         <load_address>0x19e7</load_address>
         <run_address>0x19e7</run_address>
         <size>0x9a</size>
         <input_file_ref idref="fl-10"/>
      </object_component>
      <object_component id="oc-22c">
         <name>.debug_line</name>
         <load_address>0x1a81</load_address>
         <run_address>0x1a81</run_address>
         <size>0x9a</size>
         <input_file_ref idref="fl-10"/>
      </object_component>
      <object_component id="oc-233">
         <name>.debug_line</name>
         <load_address>0x1b1b</load_address>
         <run_address>0x1b1b</run_address>
         <size>0x9a</size>
         <input_file_ref idref="fl-10"/>
      </object_component>
      <object_component id="oc-208">
         <name>.debug_line</name>
         <load_address>0x1bb5</load_address>
         <run_address>0x1bb5</run_address>
         <size>0x9a</size>
         <input_file_ref idref="fl-10"/>
      </object_component>
      <object_component id="oc-20f">
         <name>.debug_line</name>
         <load_address>0x1c4f</load_address>
         <run_address>0x1c4f</run_address>
         <size>0x9a</size>
         <input_file_ref idref="fl-10"/>
      </object_component>
      <object_component id="oc-226">
         <name>.debug_line</name>
         <load_address>0x1ce9</load_address>
         <run_address>0x1ce9</run_address>
         <size>0xa5</size>
         <input_file_ref idref="fl-10"/>
      </object_component>
      <object_component id="oc-1f7">
         <name>.debug_line</name>
         <load_address>0x1d8e</load_address>
         <run_address>0x1d8e</run_address>
         <size>0x9a</size>
         <input_file_ref idref="fl-10"/>
      </object_component>
      <object_component id="oc-1fc">
         <name>.debug_line</name>
         <load_address>0x1e28</load_address>
         <run_address>0x1e28</run_address>
         <size>0x9a</size>
         <input_file_ref idref="fl-10"/>
      </object_component>
      <object_component id="oc-21a">
         <name>.debug_line</name>
         <load_address>0x1ec2</load_address>
         <run_address>0x1ec2</run_address>
         <size>0x9a</size>
         <input_file_ref idref="fl-10"/>
      </object_component>
      <object_component id="oc-214">
         <name>.debug_line</name>
         <load_address>0x1f5c</load_address>
         <run_address>0x1f5c</run_address>
         <size>0x9a</size>
         <input_file_ref idref="fl-10"/>
      </object_component>
      <object_component id="oc-220">
         <name>.debug_line</name>
         <load_address>0x1ff6</load_address>
         <run_address>0x1ff6</run_address>
         <size>0xa1</size>
         <input_file_ref idref="fl-10"/>
      </object_component>
      <object_component id="oc-243">
         <name>.debug_line</name>
         <load_address>0x2097</load_address>
         <run_address>0x2097</run_address>
         <size>0xad</size>
         <input_file_ref idref="fl-10"/>
      </object_component>
      <object_component id="oc-132">
         <name>.debug_line</name>
         <load_address>0x2144</load_address>
         <run_address>0x2144</run_address>
         <size>0xbe</size>
         <input_file_ref idref="fl-10"/>
      </object_component>
      <object_component id="oc-12b">
         <name>.debug_line</name>
         <load_address>0x2202</load_address>
         <run_address>0x2202</run_address>
         <size>0x11f</size>
         <input_file_ref idref="fl-10"/>
      </object_component>
      <object_component id="oc-1e3">
         <name>.debug_line</name>
         <load_address>0x2321</load_address>
         <run_address>0x2321</run_address>
         <size>0xae</size>
         <input_file_ref idref="fl-10"/>
      </object_component>
      <object_component id="oc-1ea">
         <name>.debug_line</name>
         <load_address>0x23cf</load_address>
         <run_address>0x23cf</run_address>
         <size>0xa8</size>
         <input_file_ref idref="fl-10"/>
      </object_component>
      <object_component id="oc-1af">
         <name>.debug_line</name>
         <load_address>0x2477</load_address>
         <run_address>0x2477</run_address>
         <size>0xb6</size>
         <input_file_ref idref="fl-10"/>
      </object_component>
      <object_component id="oc-136">
         <name>.debug_line</name>
         <load_address>0x252d</load_address>
         <run_address>0x252d</run_address>
         <size>0xa1</size>
         <input_file_ref idref="fl-10"/>
      </object_component>
      <object_component id="oc-1b5">
         <name>.debug_line</name>
         <load_address>0x25ce</load_address>
         <run_address>0x25ce</run_address>
         <size>0xda</size>
         <input_file_ref idref="fl-10"/>
      </object_component>
      <object_component id="oc-23c">
         <name>.debug_line</name>
         <load_address>0x26a8</load_address>
         <run_address>0x26a8</run_address>
         <size>0xe6</size>
         <input_file_ref idref="fl-10"/>
      </object_component>
      <object_component id="oc-40">
         <name>.debug_line</name>
         <load_address>0x278e</load_address>
         <run_address>0x278e</run_address>
         <size>0x4f</size>
         <input_file_ref idref="fl-1c"/>
      </object_component>
      <object_component id="oc-57">
         <name>.debug_line</name>
         <load_address>0x27dd</load_address>
         <run_address>0x27dd</run_address>
         <size>0x3f</size>
         <input_file_ref idref="fl-1d"/>
      </object_component>
      <object_component id="oc-b5">
         <name>.debug_line</name>
         <load_address>0x281c</load_address>
         <run_address>0x281c</run_address>
         <size>0x21</size>
         <input_file_ref idref="fl-1d"/>
      </object_component>
      <object_component id="oc-76">
         <name>.debug_line</name>
         <load_address>0x283d</load_address>
         <run_address>0x283d</run_address>
         <size>0x71</size>
         <input_file_ref idref="fl-1e"/>
      </object_component>
      <object_component id="oc-123">
         <name>.debug_line</name>
         <load_address>0x28ae</load_address>
         <run_address>0x28ae</run_address>
         <size>0x21</size>
         <input_file_ref idref="fl-1e"/>
      </object_component>
      <object_component id="oc-32">
         <name>.debug_line</name>
         <load_address>0x28cf</load_address>
         <run_address>0x28cf</run_address>
         <size>0x4e</size>
         <input_file_ref idref="fl-1f"/>
      </object_component>
      <object_component id="oc-6b">
         <name>.debug_line</name>
         <load_address>0x291d</load_address>
         <run_address>0x291d</run_address>
         <size>0x21</size>
         <input_file_ref idref="fl-1f"/>
      </object_component>
      <object_component id="oc-1d">
         <name>.debug_line</name>
         <load_address>0x293e</load_address>
         <run_address>0x293e</run_address>
         <size>0x57</size>
         <input_file_ref idref="fl-20"/>
      </object_component>
      <object_component id="oc-48">
         <name>.debug_line</name>
         <load_address>0x2995</load_address>
         <run_address>0x2995</run_address>
         <size>0x21</size>
         <input_file_ref idref="fl-20"/>
      </object_component>
      <object_component id="oc-18">
         <name>.debug_line</name>
         <load_address>0x29b6</load_address>
         <run_address>0x29b6</run_address>
         <size>0x9a</size>
         <input_file_ref idref="fl-21"/>
      </object_component>
      <object_component id="oc-43">
         <name>.debug_line</name>
         <load_address>0x2a50</load_address>
         <run_address>0x2a50</run_address>
         <size>0x21</size>
         <input_file_ref idref="fl-21"/>
      </object_component>
      <object_component id="oc-113">
         <name>.debug_line</name>
         <load_address>0x2a71</load_address>
         <run_address>0x2a71</run_address>
         <size>0x2b</size>
         <input_file_ref idref="fl-22"/>
      </object_component>
      <object_component id="oc-62">
         <name>.debug_line</name>
         <load_address>0x2a9c</load_address>
         <run_address>0x2a9c</run_address>
         <size>0x66</size>
         <input_file_ref idref="fl-22"/>
      </object_component>
      <object_component id="oc-11e">
         <name>.debug_line</name>
         <load_address>0x2b02</load_address>
         <run_address>0x2b02</run_address>
         <size>0x21</size>
         <input_file_ref idref="fl-22"/>
      </object_component>
      <object_component id="oc-11b">
         <name>.debug_line</name>
         <load_address>0x2b23</load_address>
         <run_address>0x2b23</run_address>
         <size>0x2c</size>
         <input_file_ref idref="fl-23"/>
      </object_component>
      <object_component id="oc-1dd">
         <name>.debug_line</name>
         <load_address>0x2b4f</load_address>
         <run_address>0x2b4f</run_address>
         <size>0x2c</size>
         <input_file_ref idref="fl-23"/>
      </object_component>
      <object_component id="oc-115">
         <name>.debug_line</name>
         <load_address>0x2b7b</load_address>
         <run_address>0x2b7b</run_address>
         <size>0x5f</size>
         <input_file_ref idref="fl-23"/>
      </object_component>
      <object_component id="oc-19e">
         <name>.debug_line</name>
         <load_address>0x2bda</load_address>
         <run_address>0x2bda</run_address>
         <size>0x21</size>
         <input_file_ref idref="fl-23"/>
      </object_component>
      <object_component id="oc-5f">
         <name>.debug_line</name>
         <load_address>0x2bfb</load_address>
         <run_address>0x2bfb</run_address>
         <size>0x4e</size>
         <input_file_ref idref="fl-24"/>
      </object_component>
      <object_component id="oc-110">
         <name>.debug_line</name>
         <load_address>0x2c49</load_address>
         <run_address>0x2c49</run_address>
         <size>0x30</size>
         <input_file_ref idref="fl-24"/>
      </object_component>
      <object_component id="oc-2c">
         <name>.debug_line</name>
         <load_address>0x2c79</load_address>
         <run_address>0x2c79</run_address>
         <size>0x63</size>
         <input_file_ref idref="fl-27"/>
      </object_component>
      <object_component id="oc-68">
         <name>.debug_line</name>
         <load_address>0x2cdc</load_address>
         <run_address>0x2cdc</run_address>
         <size>0x21</size>
         <input_file_ref idref="fl-27"/>
      </object_component>
      <object_component id="oc-b9">
         <name>.debug_line</name>
         <load_address>0x2cfd</load_address>
         <run_address>0x2cfd</run_address>
         <size>0x3b</size>
         <input_file_ref idref="fl-28"/>
      </object_component>
      <object_component id="oc-1a1">
         <name>.debug_line</name>
         <load_address>0x2d38</load_address>
         <run_address>0x2d38</run_address>
         <size>0x21</size>
         <input_file_ref idref="fl-28"/>
      </object_component>
      <object_component id="oc-a6">
         <name>.debug_frame</name>
         <load_address>0x0</load_address>
         <run_address>0x0</run_address>
         <size>0x98</size>
         <input_file_ref idref="fl-2"/>
      </object_component>
      <object_component id="oc-cf">
         <name>.debug_frame</name>
         <load_address>0x98</load_address>
         <run_address>0x98</run_address>
         <size>0x12c</size>
         <input_file_ref idref="fl-3"/>
      </object_component>
      <object_component id="oc-152">
         <name>.debug_frame</name>
         <load_address>0x1c4</load_address>
         <run_address>0x1c4</run_address>
         <size>0x44</size>
         <input_file_ref idref="fl-d"/>
      </object_component>
      <object_component id="oc-184">
         <name>.debug_frame</name>
         <load_address>0x208</load_address>
         <run_address>0x208</run_address>
         <size>0x44</size>
         <input_file_ref idref="fl-d"/>
      </object_component>
      <object_component id="oc-18e">
         <name>.debug_frame</name>
         <load_address>0x24c</load_address>
         <run_address>0x24c</run_address>
         <size>0x44</size>
         <input_file_ref idref="fl-d"/>
      </object_component>
      <object_component id="oc-15c">
         <name>.debug_frame</name>
         <load_address>0x290</load_address>
         <run_address>0x290</run_address>
         <size>0x44</size>
         <input_file_ref idref="fl-d"/>
      </object_component>
      <object_component id="oc-de">
         <name>.debug_frame</name>
         <load_address>0x2d4</load_address>
         <run_address>0x2d4</run_address>
         <size>0x44</size>
         <input_file_ref idref="fl-d"/>
      </object_component>
      <object_component id="oc-e4">
         <name>.debug_frame</name>
         <load_address>0x318</load_address>
         <run_address>0x318</run_address>
         <size>0x44</size>
         <input_file_ref idref="fl-d"/>
      </object_component>
      <object_component id="oc-161">
         <name>.debug_frame</name>
         <load_address>0x35c</load_address>
         <run_address>0x35c</run_address>
         <size>0x44</size>
         <input_file_ref idref="fl-d"/>
      </object_component>
      <object_component id="oc-f6">
         <name>.debug_frame</name>
         <load_address>0x3a0</load_address>
         <run_address>0x3a0</run_address>
         <size>0x44</size>
         <input_file_ref idref="fl-d"/>
      </object_component>
      <object_component id="oc-fc">
         <name>.debug_frame</name>
         <load_address>0x3e4</load_address>
         <run_address>0x3e4</run_address>
         <size>0x44</size>
         <input_file_ref idref="fl-d"/>
      </object_component>
      <object_component id="oc-103">
         <name>.debug_frame</name>
         <load_address>0x428</load_address>
         <run_address>0x428</run_address>
         <size>0x44</size>
         <input_file_ref idref="fl-d"/>
      </object_component>
      <object_component id="oc-1c2">
         <name>.debug_frame</name>
         <load_address>0x46c</load_address>
         <run_address>0x46c</run_address>
         <size>0x44</size>
         <input_file_ref idref="fl-e"/>
      </object_component>
      <object_component id="oc-145">
         <name>.debug_frame</name>
         <load_address>0x4b0</load_address>
         <run_address>0x4b0</run_address>
         <size>0x44</size>
         <input_file_ref idref="fl-e"/>
      </object_component>
      <object_component id="oc-13f">
         <name>.debug_frame</name>
         <load_address>0x4f4</load_address>
         <run_address>0x4f4</run_address>
         <size>0x44</size>
         <input_file_ref idref="fl-e"/>
      </object_component>
      <object_component id="oc-14a">
         <name>.debug_frame</name>
         <load_address>0x538</load_address>
         <run_address>0x538</run_address>
         <size>0x44</size>
         <input_file_ref idref="fl-e"/>
      </object_component>
      <object_component id="oc-d4">
         <name>.debug_frame</name>
         <load_address>0x57c</load_address>
         <run_address>0x57c</run_address>
         <size>0x44</size>
         <input_file_ref idref="fl-e"/>
      </object_component>
      <object_component id="oc-16a">
         <name>.debug_frame</name>
         <load_address>0x5c0</load_address>
         <run_address>0x5c0</run_address>
         <size>0x40</size>
         <input_file_ref idref="fl-f"/>
      </object_component>
      <object_component id="oc-170">
         <name>.debug_frame</name>
         <load_address>0x600</load_address>
         <run_address>0x600</run_address>
         <size>0x40</size>
         <input_file_ref idref="fl-f"/>
      </object_component>
      <object_component id="oc-17f">
         <name>.debug_frame</name>
         <load_address>0x640</load_address>
         <run_address>0x640</run_address>
         <size>0x40</size>
         <input_file_ref idref="fl-f"/>
      </object_component>
      <object_component id="oc-177">
         <name>.debug_frame</name>
         <load_address>0x680</load_address>
         <run_address>0x680</run_address>
         <size>0x40</size>
         <input_file_ref idref="fl-f"/>
      </object_component>
      <object_component id="oc-e7">
         <name>.debug_frame</name>
         <load_address>0x6c0</load_address>
         <run_address>0x6c0</run_address>
         <size>0x40</size>
         <input_file_ref idref="fl-f"/>
      </object_component>
      <object_component id="oc-ef">
         <name>.debug_frame</name>
         <load_address>0x700</load_address>
         <run_address>0x700</run_address>
         <size>0x44</size>
         <input_file_ref idref="fl-f"/>
      </object_component>
      <object_component id="oc-1f1">
         <name>.debug_frame</name>
         <load_address>0x744</load_address>
         <run_address>0x744</run_address>
         <size>0x44</size>
         <input_file_ref idref="fl-10"/>
      </object_component>
      <object_component id="oc-1ab">
         <name>.debug_frame</name>
         <load_address>0x788</load_address>
         <run_address>0x788</run_address>
         <size>0x40</size>
         <input_file_ref idref="fl-10"/>
      </object_component>
      <object_component id="oc-24a">
         <name>.debug_frame</name>
         <load_address>0x7c8</load_address>
         <run_address>0x7c8</run_address>
         <size>0x40</size>
         <input_file_ref idref="fl-10"/>
      </object_component>
      <object_component id="oc-252">
         <name>.debug_frame</name>
         <load_address>0x808</load_address>
         <run_address>0x808</run_address>
         <size>0x44</size>
         <input_file_ref idref="fl-10"/>
      </object_component>
      <object_component id="oc-239">
         <name>.debug_frame</name>
         <load_address>0x84c</load_address>
         <run_address>0x84c</run_address>
         <size>0x44</size>
         <input_file_ref idref="fl-10"/>
      </object_component>
      <object_component id="oc-203">
         <name>.debug_frame</name>
         <load_address>0x890</load_address>
         <run_address>0x890</run_address>
         <size>0x44</size>
         <input_file_ref idref="fl-10"/>
      </object_component>
      <object_component id="oc-22d">
         <name>.debug_frame</name>
         <load_address>0x8d4</load_address>
         <run_address>0x8d4</run_address>
         <size>0x44</size>
         <input_file_ref idref="fl-10"/>
      </object_component>
      <object_component id="oc-232">
         <name>.debug_frame</name>
         <load_address>0x918</load_address>
         <run_address>0x918</run_address>
         <size>0x44</size>
         <input_file_ref idref="fl-10"/>
      </object_component>
      <object_component id="oc-209">
         <name>.debug_frame</name>
         <load_address>0x95c</load_address>
         <run_address>0x95c</run_address>
         <size>0x44</size>
         <input_file_ref idref="fl-10"/>
      </object_component>
      <object_component id="oc-20e">
         <name>.debug_frame</name>
         <load_address>0x9a0</load_address>
         <run_address>0x9a0</run_address>
         <size>0x44</size>
         <input_file_ref idref="fl-10"/>
      </object_component>
      <object_component id="oc-227">
         <name>.debug_frame</name>
         <load_address>0x9e4</load_address>
         <run_address>0x9e4</run_address>
         <size>0x44</size>
         <input_file_ref idref="fl-10"/>
      </object_component>
      <object_component id="oc-1f6">
         <name>.debug_frame</name>
         <load_address>0xa28</load_address>
         <run_address>0xa28</run_address>
         <size>0x44</size>
         <input_file_ref idref="fl-10"/>
      </object_component>
      <object_component id="oc-1fd">
         <name>.debug_frame</name>
         <load_address>0xa6c</load_address>
         <run_address>0xa6c</run_address>
         <size>0x44</size>
         <input_file_ref idref="fl-10"/>
      </object_component>
      <object_component id="oc-21b">
         <name>.debug_frame</name>
         <load_address>0xab0</load_address>
         <run_address>0xab0</run_address>
         <size>0x44</size>
         <input_file_ref idref="fl-10"/>
      </object_component>
      <object_component id="oc-215">
         <name>.debug_frame</name>
         <load_address>0xaf4</load_address>
         <run_address>0xaf4</run_address>
         <size>0x44</size>
         <input_file_ref idref="fl-10"/>
      </object_component>
      <object_component id="oc-221">
         <name>.debug_frame</name>
         <load_address>0xb38</load_address>
         <run_address>0xb38</run_address>
         <size>0x44</size>
         <input_file_ref idref="fl-10"/>
      </object_component>
      <object_component id="oc-244">
         <name>.debug_frame</name>
         <load_address>0xb7c</load_address>
         <run_address>0xb7c</run_address>
         <size>0x44</size>
         <input_file_ref idref="fl-10"/>
      </object_component>
      <object_component id="oc-131">
         <name>.debug_frame</name>
         <load_address>0xbc0</load_address>
         <run_address>0xbc0</run_address>
         <size>0x44</size>
         <input_file_ref idref="fl-10"/>
      </object_component>
      <object_component id="oc-12c">
         <name>.debug_frame</name>
         <load_address>0xc04</load_address>
         <run_address>0xc04</run_address>
         <size>0x44</size>
         <input_file_ref idref="fl-10"/>
      </object_component>
      <object_component id="oc-1e4">
         <name>.debug_frame</name>
         <load_address>0xc48</load_address>
         <run_address>0xc48</run_address>
         <size>0x40</size>
         <input_file_ref idref="fl-10"/>
      </object_component>
      <object_component id="oc-1e7">
         <name>.debug_frame</name>
         <load_address>0xc88</load_address>
         <run_address>0xc88</run_address>
         <size>0x40</size>
         <input_file_ref idref="fl-10"/>
      </object_component>
      <object_component id="oc-1b0">
         <name>.debug_frame</name>
         <load_address>0xcc8</load_address>
         <run_address>0xcc8</run_address>
         <size>0x44</size>
         <input_file_ref idref="fl-10"/>
      </object_component>
      <object_component id="oc-139">
         <name>.debug_frame</name>
         <load_address>0xd0c</load_address>
         <run_address>0xd0c</run_address>
         <size>0x44</size>
         <input_file_ref idref="fl-10"/>
      </object_component>
      <object_component id="oc-1b6">
         <name>.debug_frame</name>
         <load_address>0xd50</load_address>
         <run_address>0xd50</run_address>
         <size>0x44</size>
         <input_file_ref idref="fl-10"/>
      </object_component>
      <object_component id="oc-58">
         <name>.debug_frame</name>
         <load_address>0xd94</load_address>
         <run_address>0xd94</run_address>
         <size>0x40</size>
         <input_file_ref idref="fl-1d"/>
      </object_component>
      <object_component id="oc-72">
         <name>.debug_frame</name>
         <load_address>0xdd4</load_address>
         <run_address>0xdd4</run_address>
         <size>0x58</size>
         <input_file_ref idref="fl-1e"/>
      </object_component>
      <object_component id="oc-31">
         <name>.debug_frame</name>
         <load_address>0xe2c</load_address>
         <run_address>0xe2c</run_address>
         <size>0x40</size>
         <input_file_ref idref="fl-1f"/>
      </object_component>
      <object_component id="oc-1e">
         <name>.debug_frame</name>
         <load_address>0xe6c</load_address>
         <run_address>0xe6c</run_address>
         <size>0x40</size>
         <input_file_ref idref="fl-20"/>
      </object_component>
      <object_component id="oc-17">
         <name>.debug_frame</name>
         <load_address>0xeac</load_address>
         <run_address>0xeac</run_address>
         <size>0x48</size>
         <input_file_ref idref="fl-21"/>
      </object_component>
      <object_component id="oc-61">
         <name>.debug_frame</name>
         <load_address>0xef4</load_address>
         <run_address>0xef4</run_address>
         <size>0x60</size>
         <input_file_ref idref="fl-22"/>
      </object_component>
      <object_component id="oc-116">
         <name>.debug_frame</name>
         <load_address>0xf54</load_address>
         <run_address>0xf54</run_address>
         <size>0x70</size>
         <input_file_ref idref="fl-23"/>
      </object_component>
      <object_component id="oc-5e">
         <name>.debug_frame</name>
[...]
         <usage_details>
         </usage_details>
      </memory_area>
      <memory_area display="yes" color="green">
         <name>FLASH_BANK1_SEC4</name>
         <page_id>0x0</page_id>
         <origin>0x94000</origin>
         <length>0x1000</length>
         <used_space>0x0</used_space>
         <unused_space>0x1000</unused_space>
         <attributes>RWIX</attributes>
         <usage_details>
         </usage_details>
      </memory_area>
      <memory_area display="yes" color="green">
         <name>FLASH_BANK1_SEC5</name>
         <page_id>0x0</page_id>
         <origin>0x95000</origin>
         <length>0x1000</length>
         <used_space>0x0</used_space>
         <unused_space>0x1000</unused_space>
         <attributes>RWIX</attributes>
         <usage_details>
         </usage_details>
      </memory_area>
      <memory_area display="yes" color="green">
         <name>FLASH_BANK1_SEC6</name>
         <page_id>0x0</page_id>
         <origin>0x96000</origin>
         <length>0x1000</length>
         <used_space>0x0</used_space>
         <unused_space>0x1000</unused_space>
         <attributes>RWIX</attributes>
         <usage_details>
         </usage_details>
      </memory_area>
      <memory_area display="yes" color="green">
         <name>FLASH_BANK1_SEC7</name>
         <page_id>0x0</page_id>
         <origin>0x97000</origin>
         <length>0x1000</length>
         <used_space>0x0</used_space>
         <unused_space>0x1000</unused_space>
         <attributes>RWIX</attributes>
         <usage_details>
         </usage_details>
      </memory_area>
      <memory_area display="yes" color="green">
         <name>FLASH_BANK1_SEC8</name>
         <page_id>0x0</page_id>
         <origin>0x98000</origin>
         <length>0x1000</length>
         <used_space>0x0</used_space>
         <unused_space>0x1000</unused_space>
         <attributes>RWIX</attributes>
         <usage_details>
         </usage_details>
      </memory_area>
      <memory_area display="yes" color="green">
         <name>FLASH_BANK1_SEC9</name>
         <page_id>0x0</page_id>
         <origin>0x99000</origin>
         <length>0x1000</length>
         <used_space>0x0</used_space>
         <unused_space>0x1000</unused_space>
         <attributes>RWIX</attributes>
         <usage_details>
         </usage_details>
      </memory_area>
      <memory_area display="yes" color="green">
         <name>FLASH_BANK1_SEC10</name>
         <page_id>0x0</page_id>
         <origin>0x9a000</origin>
         <length>0x1000</length>
         <used_space>0x0</used_space>
         <unused_space>0x1000</unused_space>
         <attributes>RWIX</attributes>
         <usage_details>
         </usage_details>
      </memory_area>
      <memory_area display="yes" color="green">
         <name>FLASH_BANK1_SEC11</name>
         <page_id>0x0</page_id>
         <origin>0x9b000</origin>
         <length>0x1000</length>
         <used_space>0x0</used_space>
         <unused_space>0x1000</unused_space>
         <attributes>RWIX</attributes>
         <usage_details>
         </usage_details>
      </memory_area>
      <memory_area display="yes" color="green">
         <name>FLASH_BANK1_SEC12</name>
         <page_id>0x0</page_id>
         <origin>0x9c000</origin>
         <length>0x1000</length>
         <used_space>0x0</used_space>
         <unused_space>0x1000</unused_space>
         <attributes>RWIX</attributes>
         <usage_details>
         </usage_details>
      </memory_area>
      <memory_area display="yes" color="green">
         <name>FLASH_BANK1_SEC13</name>
         <page_id>0x0</page_id>
         <origin>0x9d000</origin>
         <length>0x1000</length>
         <used_space>0x0</used_space>
         <unused_space>0x1000</unused_space>
         <attributes>RWIX</attributes>
         <usage_details>
         </usage_details>
      </memory_area>
      <memory_area display="yes" color="green">
         <name>FLASH_BANK1_SEC14</name>
         <page_id>0x0</page_id>
         <origin>0x9e000</origin>
         <length>0x1000</length>
         <used_space>0x0</used_space>
         <unused_space>0x1000</unused_space>
         <attributes>RWIX</attributes>
         <usage_details>
         </usage_details>
      </memory_area>
      <memory_area display="yes" color="green">
         <name>FLASH_BANK1_SEC15</name>
         <page_id>0x0</page_id>
         <origin>0x9f000</origin>
         <length>0x1000</length>
         <used_space>0x0</used_space>
         <unused_space>0x1000</unused_space>
         <attributes>RWIX</attributes>
         <usage_details>
         </usage_details>
      </memory_area>
      <memory_area display="no" color="green">
         <name>RESET</name>
         <page_id>0x0</page_id>
         <origin>0x3fffc0</origin>
         <length>0x2</length>
         <used_space>0x0</used_space>
         <unused_space>0x2</unused_space>
         <attributes>RWIX</attributes>
         <usage_details>
         </usage_details>
      </memory_area>
      <memory_area display="yes" color="green">
         <name>BOOT_RSVD</name>
         <page_id>0x1</page_id>
         <origin>0x2</origin>
         <length>0xf1</length>
         <used_space>0x0</used_space>
         <unused_space>0xf1</unused_space>
         <attributes>RWIX</attributes>
         <usage_details>
         </usage_details>
      </memory_area>
      <memory_area display="yes" color="green">
         <name>RAMM1</name>
         <page_id>0x1</page_id>
         <origin>0x400</origin>
         <length>0x3f8</length>
         <used_space>0x100</used_space>
         <unused_space>0x2f8</unused_space>
         <attributes>RWIX</attributes>
         <usage_details>
            <allocated_space>
               <start_address>0x400</start_address>
               <size>0x100</size>
               <logical_group_ref idref="lg-8"/>
            </allocated_space>
            <available_space>
               <start_address>0x500</start_address>
               <size>0x2f8</size>
            </available_space>
         </usage_details>
      </memory_area>
      <memory_area display="yes" color="green">
         <name>RAMLS5</name>
         <page_id>0x1</page_id>
         <origin>0xa800</origin>
         <length>0x800</length>
         <used_space>0x29f</used_space>
         <unused_space>0x561</unused_space>
         <attributes>RWIX</attributes>
         <usage_details>
            <allocated_space>
               <start_address>0xa800</start_address>
               <size>0x28d</size>
               <logical_group_ref idref="lg-c"/>
            </allocated_space>
            <available_space>
               <start_address>0xaa8d</start_address>
               <size>0x1</size>
            </available_space>
            <allocated_space>
               <start_address>0xaa8e</start_address>
               <size>0x10</size>
               <logical_group_ref idref="lg-d"/>
            </allocated_space>
            <allocated_space>
               <start_address>0xaa9e</start_address>
               <size>0x2</size>
               <logical_group_ref idref="lg-9"/>
            </allocated_space>
            <available_space>
               <start_address>0xaaa0</start_address>
               <size>0x560</size>
            </available_space>
         </usage_details>
      </memory_area>
      <memory_area display="yes" color="green">
         <name>RAMLS6</name>
         <page_id>0x1</page_id>
         <origin>0xb000</origin>
         <length>0x800</length>
         <used_space>0x0</used_space>
         <unused_space>0x800</unused_space>
         <attributes>RWIX</attributes>
         <usage_details>
         </usage_details>
      </memory_area>
      <memory_area display="yes" color="green">
         <name>RAMLS7</name>
         <page_id>0x1</page_id>
         <origin>0xb800</origin>
         <length>0x800</length>
         <used_space>0x0</used_space>
         <unused_space>0x800</unused_space>
         <attributes>RWIX</attributes>
         <usage_details>
         </usage_details>
      </memory_area>
      <memory_area display="yes" color="green">
         <name>RAMGS0</name>
         <page_id>0x1</page_id>
         <origin>0xc000</origin>
         <length>0x2000</length>
         <used_space>0x0</used_space>
         <unused_space>0x2000</unused_space>
         <attributes>RWIX</attributes>
         <usage_details>
         </usage_details>
      </memory_area>
      <memory_area display="yes" color="green">
         <name>RAMGS1</name>
         <page_id>0x1</page_id>
         <origin>0xe000</origin>
         <length>0x2000</length>
         <used_space>0x0</used_space>
         <unused_space>0x2000</unused_space>
         <attributes>RWIX</attributes>
         <usage_details>
         </usage_details>
      </memory_area>
      <memory_area display="yes" color="green">
         <name>RAMGS2</name>
         <page_id>0x1</page_id>
         <origin>0x10000</origin>
         <length>0x2000</length>
         <used_space>0x0</used_space>
         <unused_space>0x2000</unused_space>
         <attributes>RWIX</attributes>
         <usage_details>
         </usage_details>
      </memory_area>
      <memory_area display="yes" color="green">
         <name>RAMGS3</name>
         <page_id>0x1</page_id>
         <origin>0x12000</origin>
         <length>0x1ff8</length>
         <used_space>0x0</used_space>
         <unused_space>0x1ff8</unused_space>
         <attributes>RWIX</attributes>
         <usage_details>
         </usage_details>
      </memory_area>
   </placement_map>
   <cptbl_list>
      <cptbl>
         <name>__TI_cinit_table</name>
         <cprec>
            <name>.data</name>
            <load_address>0xf8</load_address>
            <load_size>0x9</load_size>
            <run_address>0xaa8e</run_address>
            <run_size>0x10</run_size>
            <compression>lzss</compression>
         </cprec>
         <cprec>
            <name>.bss</name>
            <load_address>0x108</load_address>
            <load_size>0x4</load_size>
            <run_address>0xaa9e</run_address>
            <run_size>0x2</run_size>
            <compression>zero_init</compression>
         </cprec>
      </cptbl>
   </cptbl_list>
   <handler_table>
      <handler_table_name>__TI_handler_table</handler_table_name>
      <handler>
         <index>0x0</index>
         <name>__TI_zero_init</name>
      </handler>
      <handler>
         <index>0x1</index>
         <name>__TI_decompress_lzss</name>
      </handler>
      <handler>
         <index>0x2</index>
         <name>__TI_decompress_none</name>
      </handler>
   </handler_table>
   <symbol_table>
      <symbol id="sm-1">
         <name>__TI_CINIT_Base</name>
         <value>0x10c</value>
      </symbol>
      <symbol id="sm-2">
         <name>__TI_CINIT_Limit</name>
         <value>0x114</value>
      </symbol>
      <symbol id="sm-3">
         <name>__TI_Handler_Table_Base</name>
         <value>0x102</value>
      </symbol>
      <symbol id="sm-4">
         <name>__TI_Handler_Table_Limit</name>
         <value>0x108</value>
      </symbol>
      <symbol id="sm-5">
         <name>__TI_STACK_SIZE</name>
         <value>0x100</value>
      </symbol>
      <symbol id="sm-6">
         <name>__TI_STACK_END</name>
         <value>0x500</value>
      </symbol>
      <symbol id="sm-7">
         <name>__TI_pprof_out_hndl</name>
         <value>0xffffffff</value>
      </symbol>
      <symbol id="sm-8">
         <name>__TI_prof_data_start</name>
         <value>0xffffffff</value>
      </symbol>
      <symbol id="sm-9">
         <name>__TI_prof_data_size</name>
         <value>0xffffffff</value>
      </symbol>
      <symbol id="sm-4a">
         <name>g_rxMsgData</name>
         <value>0xaa9e</value>
         <object_component_ref idref="oc-10a"/>
      </symbol>
      <symbol id="sm-4b">
         <name>main</name>
         <value>0x81fe</value>
         <object_component_ref idref="oc-a1"/>
      </symbol>
      <symbol id="sm-4c">
         <name>msgCount</name>
         <value>0xaa9c</value>
         <object_component_ref idref="oc-107"/>
      </symbol>
      <symbol id="sm-68">
         <name>Device_enableAllPeripherals</name>
         <value>0x80b7</value>
         <object_component_ref idref="oc-cd"/>
      </symbol>
      <symbol id="sm-69">
         <name>Device_initGPIO</name>
         <value>0x8194</value>
         <object_component_ref idref="oc-cd"/>
      </symbol>
      <symbol id="sm-6a">
         <name>Example_Fail</name>
         <value>0xaa96</value>
         <object_component_ref idref="oc-104"/>
      </symbol>
      <symbol id="sm-6b">
         <name>Device_init</name>
         <value>0x8066</value>
         <object_component_ref idref="oc-cd"/>
      </symbol>
      <symbol id="sm-6c">
         <name>__error__</name>
         <value>0x81a4</value>
         <object_component_ref idref="oc-cd"/>
      </symbol>
      <symbol id="sm-6d">
         <name>Example_PassCount</name>
         <value>0xaa94</value>
         <object_component_ref idref="oc-104"/>
      </symbol>
      <symbol id="sm-75">
         <name>code_start</name>
         <value>0x0</value>
         <object_component_ref idref="oc-20"/>
      </symbol>
      <symbol id="sm-101">
         <name>CAN_sendMessage</name>
         <value>0x84d9</value>
         <object_component_ref idref="oc-f7"/>
      </symbol>
      <symbol id="sm-102">
         <name>CAN_setBitTiming</name>
         <value>0x85c4</value>
         <object_component_ref idref="oc-15f"/>
      </symbol>
      <symbol id="sm-103">
         <name>CAN_setupMessageObject</name>
         <value>0x82a9</value>
         <object_component_ref idref="oc-f1"/>
      </symbol>
      <symbol id="sm-104">
         <name>CAN_initModule</name>
         <value>0x8a0f</value>
         <object_component_ref idref="oc-d9"/>
      </symbol>
      <symbol id="sm-105">
         <name>CAN_readMessage</name>
         <value>0x8554</value>
         <object_component_ref idref="oc-fe"/>
      </symbol>
      <symbol id="sm-106">
         <name>CAN_setBitRate</name>
         <value>0x862e</value>
         <object_component_ref idref="oc-df"/>
      </symbol>
      <symbol id="sm-144">
         <name>GPIO_setPadConfig</name>
         <value>0x8740</value>
         <object_component_ref idref="oc-13a"/>
      </symbol>
      <symbol id="sm-145">
         <name>GPIO_setAnalogMode</name>
         <value>0x883d</value>
         <object_component_ref idref="oc-146"/>
      </symbol>
      <symbol id="sm-146">
         <name>GPIO_setDirectionMode</name>
         <value>0x88af</value>
         <object_component_ref idref="oc-140"/>
      </symbol>
      <symbol id="sm-147">
         <name>GPIO_setPinConfig</name>
         <value>0x8878</value>
         <object_component_ref idref="oc-d3"/>
      </symbol>
      <symbol id="sm-184">
         <name>Interrupt_initModule</name>
         <value>0x8800</value>
         <object_component_ref idref="oc-e5"/>
      </symbol>
      <symbol id="sm-185">
         <name>Interrupt_initVectorTable</name>
         <value>0x89d0</value>
         <object_component_ref idref="oc-eb"/>
      </symbol>
      <symbol id="sm-292">
         <name>SysCtl_isPLLValid</name>
         <value>0x843e</value>
         <object_component_ref idref="oc-1b3"/>
      </symbol>
      <symbol id="sm-293">
         <name>SysCtl_delay</name>
         <value>0xf3</value>
         <object_component_ref idref="oc-fd"/>
      </symbol>
      <symbol id="sm-294">
         <name>SysCtl_selectXTALSingleEnded</name>
         <value>0x8ab6</value>
         <object_component_ref idref="oc-1e5"/>
      </symbol>
      <symbol id="sm-295">
         <name>SysCtl_selectXTAL</name>
         <value>0x898a</value>
         <object_component_ref idref="oc-1df"/>
      </symbol>
      <symbol id="sm-296">
         <name>SysCtl_selectOscSource</name>
         <value>0x868f</value>
         <object_component_ref idref="oc-1ad"/>
      </symbol>
      <symbol id="sm-297">
         <name>SysCtl_getLowSpeedClock</name>
         <value>0x8a9c</value>
         <object_component_ref idref="oc-134"/>
      </symbol>
      <symbol id="sm-298">
         <name>SysCtl_setClock</name>
         <value>0x8388</value>
         <object_component_ref idref="oc-127"/>
      </symbol>
      <symbol id="sm-299">
         <name>SysCtl_getClock</name>
         <value>0x8792</value>
         <object_component_ref idref="oc-12d"/>
      </symbol>
      <symbol id="sm-2a3">
         <name>_c_int00</name>
         <value>0x8b15</value>
         <object_component_ref idref="oc-3c"/>
      </symbol>
      <symbol id="sm-2a4">
         <name>__stack</name>
         <value>0x400</value>
         <object_component_ref idref="oc-25"/>
      </symbol>
      <symbol id="sm-2b1">
         <name>_system_pre_init</name>
         <value>0x8c40</value>
         <object_component_ref idref="oc-53"/>
      </symbol>
      <symbol id="sm-2c0">
         <name>__TI_auto_init_nobinit_nopinit</name>
         <value>0x8911</value>
         <object_component_ref idref="oc-71"/>
      </symbol>
      <symbol id="sm-2cf">
         <name>__TI_zero_init_nomemset</name>
         <value>0x8c00</value>
         <object_component_ref idref="oc-30"/>
      </symbol>
      <symbol id="sm-2dc">
         <name>__TI_decompress_none</name>
         <value>0x8c2d</value>
         <object_component_ref idref="oc-19"/>
      </symbol>
      <symbol id="sm-2f0">
         <name>__TI_decompress_lzss</name>
         <value>0x88e0</value>
         <object_component_ref idref="oc-13"/>
      </symbol>
      <symbol id="sm-306">
         <name>C$$EXIT</name>
         <value>0x893c</value>
         <object_component_ref idref="oc-60"/>
      </symbol>
      <symbol id="sm-307">
         <name>abort</name>
         <value>0x893c</value>
         <object_component_ref idref="oc-60"/>
      </symbol>
      <symbol id="sm-308">
         <name>exit</name>
         <value>0x893e</value>
         <object_component_ref idref="oc-60"/>
      </symbol>
      <symbol id="sm-309">
         <name>__TI_dtors_ptr</name>
         <value>0xaa92</value>
         <object_component_ref idref="oc-a9"/>
      </symbol>
      <symbol id="sm-30a">
         <name>__TI_cleanup_ptr</name>
         <value>0xaa90</value>
         <object_component_ref idref="oc-a9"/>
      </symbol>
      <symbol id="sm-30b">
         <name>__TI_enable_exit_profile_output</name>
         <value>0xaa8e</value>
         <object_component_ref idref="oc-a9"/>
      </symbol>
      <symbol id="sm-322">
         <name>_nop</name>
         <value>0x8c2c</value>
         <object_component_ref idref="oc-114"/>
      </symbol>
      <symbol id="sm-323">
         <name>_lock</name>
         <value>0xaa98</value>
         <object_component_ref idref="oc-ac"/>
      </symbol>
      <symbol id="sm-324">
         <name>_unlock</name>
         <value>0xaa9a</value>
         <object_component_ref idref="oc-199"/>
      </symbol>
      <symbol id="sm-325">
         <name>_register_lock</name>
         <value>0x8c28</value>
         <object_component_ref idref="oc-114"/>
      </symbol>
      <symbol id="sm-326">
         <name>_register_unlock</name>
         <value>0x8c24</value>
         <object_component_ref idref="oc-114"/>
      </symbol>
      <symbol id="sm-335">
         <name>_args_main</name>
         <value>0x8c0d</value>
         <object_component_ref idref="oc-5a"/>
      </symbol>
      <symbol id="sm-349">
         <name>memcpy</name>
         <value>0x8a2d</value>
         <object_component_ref idref="oc-28"/>
      </symbol>
      <symbol id="sm-356">
         <name>_system_post_cinit</name>
         <value>0x8c42</value>
         <object_component_ref idref="oc-b7"/>
      </symbol>
      <symbol id="sm-358">
         <name>__c_args__</name>
         <value>0x0</value>
      </symbol>
   </symbol_table>
   <title>Link successful</title>
</link_info>
