******************************************************************************
             TMS320C2000 Linker PC v20.2.1                     
******************************************************************************
>> Linked Wed Feb 10 01:58:53 2021

OUTPUT FILE NAME:   <can_ex1_loopback.out>
ENTRY POINT SYMBOL: "code_start"  address: 00000000


MEMORY CONFIGURATION

         name            origin    length      used     unused   attr    fill
----------------------  --------  ---------  --------  --------  ----  --------
PAGE 0:
  BEGIN                 00000000   00000002  00000002  00000000  RWIX
  RAMM0                 000000f4   0000030c  00000018  000002f4  RWIX
  RAMLS0                00008000   00000800  00000800  00000000  RWIX
  RAMLS1                00008800   00000800  000003f4  0000040c  RWIX
  RAMLS2                00009000   00000800  00000000  00000800  RWIX
  RAMLS3                00009800   00000800  00000000  00000800  RWIX
  RAMLS4                0000a000   00000800  00000000  00000800  RWIX
  FLASH_BANK0_SEC0      00080000   00001000  00000000  00001000  RWIX
  FLASH_BANK0_SEC1      00081000   00001000  00000000  00001000  RWIX
  FLASH_BANK0_SEC2      00082000   00001000  00000000  00001000  RWIX
  FLASH_BANK0_SEC3      00083000   00001000  00000000  00001000  RWIX
  FLASH_BANK0_SEC4      00084000   00001000  00000000  00001000  RWIX
  FLASH_BANK0_SEC5      00085000   00001000  00000000  00001000  RWIX
  FLASH_BANK0_SEC6      00086000   00001000  00000000  00001000  RWIX
  FLASH_BANK0_SEC7      00087000   00001000  00000000  00001000  RWIX
  FLASH_BANK0_SEC8      00088000   00001000  00000000  00001000  RWIX
  FLASH_BANK0_SEC9      00089000   00001000  00000000  00001000  RWIX
  FLASH_BANK0_SEC10     0008a000   00001000  00000000  00001000  RWIX
  FLASH_BANK0_SEC11     0008b000   00001000  00000000  00001000  RWIX
  FLASH_BANK0_SEC12     0008c000   00001000  00000000  00001000  RWIX
  FLASH_BANK0_SEC13     0008d000   00001000  00000000  00001000  RWIX
  FLASH_BANK0_SEC14     0008e000   00001000  00000000  00001000  RWIX
  FLASH_BANK0_SEC15     0008f000   00001000  00000000  00001000  RWIX
  FLASH_BANK1_SEC0      00090000   00001000  00000000  00001000  RWIX
  FLASH_BANK1_SEC1      00091000   00001000  00000000  00001000  RWIX
  FLASH_BANK1_SEC2      00092000   00001000  00000000  00001000  RWIX
  FLASH_BANK1_SEC3      00093000   00001000  00000000  00001000  RWIX
  FLASH_BANK1_SEC4      00094000   00001000  00000000  00001000  RWIX
  FLASH_BANK1_SEC5      00095000   00001000  00000000  00001000  RWIX
  FLASH_BANK1_SEC6      00096000   00001000  00000000  00001000  RWIX
  FLASH_BANK1_SEC7      00097000   00001000  00000000  00001000  RWIX
  FLASH_BANK1_SEC8      00098000   00001000  00000000  00001000  RWIX
  FLASH_BANK1_SEC9      00099000   00001000  00000000  00001000  RWIX
  FLASH_BANK1_SEC10     0009a000   00001000  00000000  00001000  RWIX
  FLASH_BANK1_SEC11     0009b000   00001000  00000000  00001000  RWIX
  FLASH_BANK1_SEC12     0009c000   00001000  00000000  00001000  RWIX
  FLASH_BANK1_SEC13     0009d000   00001000  00000000  00001000  RWIX
  FLASH_BANK1_SEC14     0009e000   00001000  00000000  00001000  RWIX
  FLASH_BANK1_SEC15     0009f000   00001000  00000000  00001000  RWIX
  RESET                 003fffc0   00000002  00000000  00000002  RWIX

PAGE 1:
  BOOT_RSVD             00000002   000000f1  00000000  000000f1  RWIX
  RAMM1                 00000400   000003f8  00000100  000002f8  RWIX
  RAMLS5                0000a800   00000800  00000335  000004cb  RWIX
  RAMLS6                0000b000   00000800  00000000  00000800  RWIX
  RAMLS7                0000b800   00000800  00000000  00000800  RWIX
  RAMGS0                0000c000   00002000  00000000  00002000  RWIX
  RAMGS1                0000e000   00002000  00000000  00002000  RWIX
  RAMGS2                00010000   00002000  00000000  00002000  RWIX
  RAMGS3                00012000   00001ff8  00000000  00001ff8  RWIX


SECTION ALLOCATION MAP

 output                                  attributes/
section   page    origin      length       input sections
--------  ----  ----------  ----------   ----------------
codestart 
*          0    00000000    00000002     
                  00000000    00000002     f28004x_codestartbranch.obj (codestart)

.TI.ramfunc 
*          0    000000f4    00000004     
                  000000f4    00000004     driverlib_eabi.lib : sysctl.obj (.TI.ramfunc)

.cinit     0    000000f8    00000014     
                  000000f8    00000009     (.cinit..data.load) [load image, compression = lzss]
                  00000101    00000001     --HOLE-- [fill = 0]
                  00000102    00000004     (__TI_handler_table)
                  00000106    00000002     --HOLE-- [fill = 0]
                  00000108    00000004     (__TI_cinit_table)

.reset     0    003fffc0    00000000     DSECT

.stack     1    00000400    00000100     UNINITIALIZED
                  00000400    00000100     --HOLE--

.init_array 
*          0    000000f4    00000000     UNINITIALIZED

.const     1    0000a800    00000325     
                  0000a800    000000ef     driverlib_eabi.lib : gpio.obj (.const:.string)
                  0000a8ef    00000001     --HOLE-- [fill = 0]
                  0000a8f0    000000ef                        : sysctl.obj (.const:.string)
                  0000a9df    00000001     --HOLE-- [fill = 0]
                  0000a9e0    000000ec                        : can.obj (.const:.string)
                  0000aacc    00000046     can_ex1_loopback.obj (.const:.string)
                  0000ab12    00000013     device.obj (.const:.string)

.data      1    0000ab26    00000010     UNINITIALIZED
                  0000ab26    00000006     rts2800_fpu32_eabi.lib : exit.c.obj (.data)
                  0000ab2c    00000004     device.obj (.data)
                  0000ab30    00000002     rts2800_fpu32_eabi.lib : _lock.c.obj (.data:_lock)
                  0000ab32    00000002                            : _lock.c.obj (.data:_unlock)
                  0000ab34    00000002     can_ex1_loopback.obj (.data)

.text.1    0    00008000    00000800     
                  00008000    000001a3     device.obj (.text)
                  000081a3    000000f3     can_ex1_loopback.obj (.text)
                  00008296    000000df     driverlib_eabi.lib : can.obj (.text:CAN_setupMessageObject)
                  00008375    000000b6                        : sysctl.obj (.text:SysCtl_setClock)
                  0000842b    0000009b                        : sysctl.obj (.text:SysCtl_isPLLValid)
                  000084c6    0000007b                        : can.obj (.text:CAN_sendMessage)
                  00008541    00000070                        : can.obj (.text:CAN_readMessage)
                  000085b1    0000006a                        : can.obj (.text:CAN_setBitTiming)
                  0000861b    00000061                        : can.obj (.text:CAN_setBitRate)
                  0000867c    0000005b                        : sysctl.obj (.text:SysCtl_selectOscSource)
                  000086d7    00000056                        : sysctl.obj (.text:DCC_setCounterSeeds)
                  0000872d    00000052                        : gpio.obj (.text:GPIO_setPadConfig)
                  0000877f    00000051                        : sysctl.obj (.text:SysCtl_getClock)
                  000087d0    0000002b     rts2800_fpu32_eabi.lib : autoinit.c.obj (.text:__TI_auto_init_nobinit_nopinit)
                  000087fb    00000002     driverlib_eabi.lib : interrupt.obj (.text:Interrupt_illegalOperationHandler)
                  000087fd    00000002                        : interrupt.obj (.text:Interrupt_nmiHandler)
                  000087ff    00000001     rts2800_fpu32_eabi.lib : startup.c.obj (.text)

.text.2    0    00008800    000003f4     
                  00008800    0000003d     driverlib_eabi.lib : interrupt.obj (.text:Interrupt_initModule)
                  0000883d    00000037                        : gpio.obj (.text:GPIO_setPinConfig)
                  00008874    00000031                        : gpio.obj (.text:GPIO_setDirectionMode)
                  000088a5    00000031     rts2800_fpu32_eabi.lib : copy_decompress_lzss.c.obj (.text:decompress:lzss)
                  000088d6    00000029                            : exit.c.obj (.text)
                  000088ff    00000026     driverlib_eabi.lib : sysctl.obj (.text:SysCtl_pollX1Counter)
                  00008925    00000025                        : sysctl.obj (.text:DCC_enableSingleShotMode)
                  0000894a    00000024                        : sysctl.obj (.text:SysCtl_selectXTAL)
                  0000896e    00000020                        : interrupt.obj (.text:Interrupt_initVectorTable)
                  0000898e    0000001f                        : sysctl.obj (.text:DCC_setCounter1ClkSource)
                  000089ad    0000001e                        : can.obj (.text:CAN_initModule)
                  000089cb    0000001d                        : sysctl.obj (.text:DCC_setCounter0ClkSource)
                  000089e8    0000001d     rts2800_fpu32_eabi.lib : memcpy.c.obj (.text)
                  00008a05    0000001c     driverlib_eabi.lib : can.obj (.text:CAN_writeDataReg)
                  00008a21    0000001b                        : can.obj (.text:CAN_initRAM)
                  00008a3c    0000001b                        : can.obj (.text:CAN_readDataReg)
                  00008a57    0000001a                        : sysctl.obj (.text:SysCtl_getLowSpeedClock)
                  00008a71    0000001a                        : sysctl.obj (.text:SysCtl_selectXTALSingleEnded)
                  00008a8b    00000017                        : sysctl.obj (.text:DCC_disableDoneSignal)
                  00008aa2    00000017                        : sysctl.obj (.text:DCC_enableDoneSignal)
                  00008ab9    00000017                        : sysctl.obj (.text:SysCtl_enablePeripheral)
                  00008ad0    00000017     rts2800_fpu32_eabi.lib : boot28.asm.obj (.text)
                  00008ae7    00000016     driverlib_eabi.lib : sysctl.obj (.text:DCC_clearDoneFlag)
                  00008afd    00000016                        : sysctl.obj (.text:DCC_clearErrorFlag)
                  00008b13    00000016                        : sysctl.obj (.text:DCC_disableErrorSignal)
                  00008b29    00000016                        : sysctl.obj (.text:DCC_enableErrorSignal)
                  00008b3f    00000015                        : can.obj (.text:CAN_isBaseValid)
                  00008b54    00000014                        : sysctl.obj (.text:DCC_disableModule)
                  00008b68    00000014                        : sysctl.obj (.text:DCC_enableModule)
                  00008b7c    00000014                        : gpio.obj (.text:GPIO_isPinValid)
                  00008b90    00000010                        : sysctl.obj (.text:DCC_isBaseValid)
                  00008ba0    0000000e                        : interrupt.obj (.text:Interrupt_defaultHandler)
                  00008bae    0000000d                        : interrupt.obj (.text:Interrupt_disableMaster)
                  00008bbb    0000000c     rts2800_fpu32_eabi.lib : args_main.c.obj (.text)
                  00008bc7    0000000b     driverlib_eabi.lib : sysctl.obj (.text:SysCtl_isMCDClockFailureDetected)
                  00008bd2    00000009     rts2800_fpu32_eabi.lib : _lock.c.obj (.text)
                  00008bdb    00000008                            : copy_decompress_none.c.obj (.text:decompress:none)
                  00008be3    00000008     f28004x_codestartbranch.obj (.text)
                  00008beb    00000007     driverlib_eabi.lib : sysctl.obj (.text:SysCtl_resetMCD)
                  00008bf2    00000002     rts2800_fpu32_eabi.lib : pre_init.c.obj (.text)

MODULE SUMMARY

       Module                        code   ro data   rw data
       ------                        ----   -------   -------
    .\
       can_ex1_loopback.obj          243    70        2      
    +--+-----------------------------+------+---------+---------+
       Total:                        243    70        2      
                                                             
    .\device\
       device.obj                    419    19        4      
       f28004x_codestartbranch.obj   10     0         0      
    +--+-----------------------------+------+---------+---------+
       Total:                        429    19        4      
                                                             
    C:\ti\C2000Ware_3_03_00_00_Software\driverlib\f28004x\driverlib\ccs\Debug\driverlib_eabi.lib
       sysctl.obj                    1053   239       0      
       can.obj                       794    236       0      
       gpio.obj                      206    239       0      
       interrupt.obj                 124    0         0      
    +--+-----------------------------+------+---------+---------+
       Total:                        2177   714       0      
                                                             
    C:\ti\ccs1011\ccs\tools\compiler\ti-cgt-c2000_20.2.1.LTS\lib\rts2800_fpu32_eabi.lib
       copy_decompress_lzss.c.obj    49     0         0      
       exit.c.obj                    41     0         6      
       autoinit.c.obj                43     0         0      
       memcpy.c.obj                  29     0         0      
       boot28.asm.obj                23     0         0      
       _lock.c.obj                   9      0         4      
       args_main.c.obj               12     0         0      
       copy_decompress_none.c.obj    8      0         0      
       pre_init.c.obj                2      0         0      
       startup.c.obj                 1      0         0      
    +--+-----------------------------+------+---------+---------+
       Total:                        217    0         10     
                                                             
       Stack:                        0      0         256    
       Linker Generated:             0      17        0      
    +--+-----------------------------+------+---------+---------+
       Grand Total:                  3066   820       272    


LINKER GENERATED COPY TABLES

__TI_cinit_table @ 00000108 records: 1, size/record: 4, table size: 4
	.data: load addr=000000f8, load size=00000009 bytes, run addr=0000ab26, run size=00000010 bytes, compression=lzss


LINKER GENERATED HANDLER TABLE

__TI_handler_table @ 00000102 records: 2, size/record: 2, table size: 4
	index: 0, handler: __TI_decompress_lzss
	index: 1, handler: __TI_decompress_none


GLOBAL DATA SYMBOLS: SORTED BY DATA PAGE

address     data page           name
--------    ----------------    ----
00000400      10 (00000400)     __stack

0000ab26     2ac (0000ab00)     __TI_enable_exit_profile_output
0000ab28     2ac (0000ab00)     __TI_cleanup_ptr
0000ab2a     2ac (0000ab00)     __TI_dtors_ptr
0000ab2c     2ac (0000ab00)     Example_PassCount
0000ab2e     2ac (0000ab00)     Example_Fail
0000ab30     2ac (0000ab00)     _lock
0000ab32     2ac (0000ab00)     _unlock
0000ab34     2ac (0000ab00)     msgCount


GLOBAL SYMBOLS: SORTED ALPHABETICALLY BY Name 

page  address   name                           
----  -------   ----                           
0     000088d6  C$$EXIT                        
0     000089ad  CAN_initModule                 
0     00008541  CAN_readMessage                
0     000084c6  CAN_sendMessage                
0     0000861b  CAN_setBitRate                 
0     000085b1  CAN_setBitTiming               
0     00008296  CAN_setupMessageObject         
0     000080af  Device_enableAllPeripherals    
0     00008066  Device_init                    
0     0000818c  Device_initGPIO                
1     0000ab2e  Example_Fail                   
1     0000ab2c  Example_PassCount              
0     00008874  GPIO_setDirectionMode          
0     0000872d  GPIO_setPadConfig              
0     0000883d  GPIO_setPinConfig              
0     00008800  Interrupt_initModule           
0     0000896e  Interrupt_initVectorTable      
0     000000f4  SysCtl_delay                   
0     0000877f  SysCtl_getClock                
0     00008a57  SysCtl_getLowSpeedClock        
0     0000842b  SysCtl_isPLLValid              
0     0000867c  SysCtl_selectOscSource         
0     0000894a  SysCtl_selectXTAL              
0     00008a71  SysCtl_selectXTALSingleEnded   
0     00008375  SysCtl_setClock                
0     00000108  __TI_CINIT_Base                
0     0000010c  __TI_CINIT_Limit               
0     00000102  __TI_Handler_Table_Base        
0     00000106  __TI_Handler_Table_Limit       
1     00000500  __TI_STACK_END                 
abs   00000100  __TI_STACK_SIZE                
0     000087d0  __TI_auto_init_nobinit_nopinit 
1     0000ab28  __TI_cleanup_ptr               
0     000088a5  __TI_decompress_lzss           
0     00008bdb  __TI_decompress_none           
1     0000ab2a  __TI_dtors_ptr                 
1     0000ab26  __TI_enable_exit_profile_output
abs   ffffffff  __TI_pprof_out_hndl            
abs   ffffffff  __TI_prof_data_size            
abs   ffffffff  __TI_prof_data_start           
n/a   UNDEFED   __c_args__                     
0     0000819c  __error__                      
1     00000400  __stack                        
0     00008bbb  _args_main                     
0     00008ad0  _c_int00                       
1     0000ab30  _lock                          
0     00008bda  _nop                           
0     00008bd6  _register_lock                 
0     00008bd2  _register_unlock               
0     000087ff  _system_post_cinit             
0     00008bf2  _system_pre_init               
1     0000ab32  _unlock                        
0     000088d6  abort                          
0     00000000  code_start                     
0     000088d8  exit                           
0     000081f6  main                           
0     000089e8  memcpy                         
1     0000ab34  msgCount                       


GLOBAL SYMBOLS: SORTED BY Symbol Address 

page  address   name                           
----  -------   ----                           
0     00000000  code_start                     
0     000000f4  SysCtl_delay                   
0     00000102  __TI_Handler_Table_Base        
0     00000106  __TI_Handler_Table_Limit       
0     00000108  __TI_CINIT_Base                
0     0000010c  __TI_CINIT_Limit               
0     00008066  Device_init                    
0     000080af  Device_enableAllPeripherals    
0     0000818c  Device_initGPIO                
0     0000819c  __error__                      
0     000081f6  main                           
0     00008296  CAN_setupMessageObject         
0     00008375  SysCtl_setClock                
0     0000842b  SysCtl_isPLLValid              
0     000084c6  CAN_sendMessage                
0     00008541  CAN_readMessage                
0     000085b1  CAN_setBitTiming               
0     0000861b  CAN_setBitRate                 
0     0000867c  SysCtl_selectOscSource         
0     0000872d  GPIO_setPadConfig              
0     0000877f  SysCtl_getClock                
0     000087d0  __TI_auto_init_nobinit_nopinit 
0     000087ff  _system_post_cinit             
0     00008800  Interrupt_initModule           
0     0000883d  GPIO_setPinConfig              
0     00008874  GPIO_setDirectionMode          
0     000088a5  __TI_decompress_lzss           
0     000088d6  C$$EXIT                        
0     000088d6  abort                          
0     000088d8  exit                           
0     0000894a  SysCtl_selectXTAL              
0     0000896e  Interrupt_initVectorTable      
0     000089ad  CAN_initModule                 
0     000089e8  memcpy                         
0     00008a57  SysCtl_getLowSpeedClock        
0     00008a71  SysCtl_selectXTALSingleEnded   
0     00008ad0  _c_int00                       
0     00008bbb  _args_main                     
0     00008bd2  _register_unlock               
0     00008bd6  _register_lock                 
0     00008bda  _nop                           
0     00008bdb  __TI_decompress_none           
0     00008bf2  _system_pre_init               
1     00000400  __stack                        
1     00000500  __TI_STACK_END                 
1     0000ab26  __TI_enable_exit_profile_output
1     0000ab28  __TI_cleanup_ptr               
1     0000ab2a  __TI_dtors_ptr                 
1     0000ab2c  Example_PassCount              
1     0000ab2e  Example_Fail                   
1     0000ab30  _lock                          
1     0000ab32  _unlock                        
1     0000ab34  msgCount                       
abs   00000100  __TI_STACK_SIZE                
abs   ffffffff  __TI_pprof_out_hndl            
abs   ffffffff  __TI_prof_data_size            
abs   ffffffff  __TI_prof_data_start           
n/a   UNDEFED   __c_args__                     

[58 symbols]
