******************************************************************************
             TMS320C2000 Linker PC v18.12.4                    
******************************************************************************
>> Linked Wed Sep  9 17:27:23 2020

OUTPUT FILE NAME:   <can_ex1_loopback.out>
ENTRY POINT SYMBOL: "code_start"  address: 00000000


MEMORY CONFIGURATION

         name            origin    length      used     unused   attr    fill
----------------------  --------  ---------  --------  --------  ----  --------
PAGE 0:
  BEGIN                 00000000   00000002  00000002  00000000  RWIX
  RAMM0                 000000f3   0000030d  00000020  000002ed  RWIX
  RAMLS0                00008000   00000800  00000800  00000000  RWIX
  RAMLS1                00008800   00000800  00000443  000003bd  RWIX
  RAMLS2                00009000   00000800  00000000  00000800  RWIX
  RAMLS3                00009800   00000800  00000000  00000800  RWIX
  RAMLS4                0000a000   00000800  00000000  00000800  RWIX
  FLASH_BANK0_SEC0      00080000   00001000  00000000  00001000  RWIX
  FLASH_BANK0_SEC1      00081000   00001000  00000000  00001000  RWIX
  FLASH_BANK0_SEC2      00082000   00001000  00000000  00001000  RWIX
  FLASH_BANK0_SEC3      00083000   00001000  00000000  00001000  RWIX
  FLASH_BANK0_SEC4      00084000   00001000  00000000  00001000  RWIX
  FLASH_BANK0_SEC5      00085000   00001000  00000000  00001000  RWIX
  FLASH_BANK0_SEC6      00086000   00001000  00000000  00001000  RWIX
  FLASH_BANK0_SEC7      00087000   00001000  00000000  00001000  RWIX
  FLASH_BANK0_SEC8      00088000   00001000  00000000  00001000  RWIX
  FLASH_BANK0_SEC9      00089000   00001000  00000000  00001000  RWIX
  FLASH_BANK0_SEC10     0008a000   00001000  00000000  00001000  RWIX
  FLASH_BANK0_SEC11     0008b000   00001000  00000000  00001000  RWIX
  FLASH_BANK0_SEC12     0008c000   00001000  00000000  00001000  RWIX
  FLASH_BANK0_SEC13     0008d000   00001000  00000000  00001000  RWIX
  FLASH_BANK0_SEC14     0008e000   00001000  00000000  00001000  RWIX
  FLASH_BANK0_SEC15     0008f000   00001000  00000000  00001000  RWIX
  FLASH_BANK1_SEC0      00090000   00001000  00000000  00001000  RWIX
  FLASH_BANK1_SEC1      00091000   00001000  00000000  00001000  RWIX
  FLASH_BANK1_SEC2      00092000   00001000  00000000  00001000  RWIX
  FLASH_BANK1_SEC3      00093000   00001000  00000000  00001000  RWIX
  FLASH_BANK1_SEC4      00094000   00001000  00000000  00001000  RWIX
  FLASH_BANK1_SEC5      00095000   00001000  00000000  00001000  RWIX
  FLASH_BANK1_SEC6      00096000   00001000  00000000  00001000  RWIX
  FLASH_BANK1_SEC7      00097000   00001000  00000000  00001000  RWIX
  FLASH_BANK1_SEC8      00098000   00001000  00000000  00001000  RWIX
  FLASH_BANK1_SEC9      00099000   00001000  00000000  00001000  RWIX
  FLASH_BANK1_SEC10     0009a000   00001000  00000000  00001000  RWIX
  FLASH_BANK1_SEC11     0009b000   00001000  00000000  00001000  RWIX
  FLASH_BANK1_SEC12     0009c000   00001000  00000000  00001000  RWIX
  FLASH_BANK1_SEC13     0009d000   00001000  00000000  00001000  RWIX
  FLASH_BANK1_SEC14     0009e000   00001000  00000000  00001000  RWIX
  FLASH_BANK1_SEC15     0009f000   00001000  00000000  00001000  RWIX
  RESET                 003fffc0   00000002  00000000  00000002  RWIX

PAGE 1:
  BOOT_RSVD             00000002   000000f1  00000000  000000f1  RWIX
  RAMM1                 00000400   000003f8  00000100  000002f8  RWIX
  RAMLS5                0000a800   00000800  0000029f  00000561  RWIX
  RAMLS6                0000b000   00000800  00000000  00000800  RWIX
  RAMLS7                0000b800   00000800  00000000  00000800  RWIX
  RAMGS0                0000c000   00002000  00000000  00002000  RWIX
  RAMGS1                0000e000   00002000  00000000  00002000  RWIX
  RAMGS2                00010000   00002000  00000000  00002000  RWIX
  RAMGS3                00012000   00001ff8  00000000  00001ff8  RWIX


SECTION ALLOCATION MAP

 output                                  attributes/
section   page    origin      length       input sections
--------  ----  ----------  ----------   ----------------
codestart 
*          0    00000000    00000002     
                  00000000    00000002     f28004x_codestartbranch.obj (codestart)

.TI.ramfunc 
*          0    000000f3    00000004     
                  000000f3    00000004     driverlib_eabi.lib : sysctl.obj (.TI.ramfunc)

.cinit     0    000000f8    0000001c     
                  000000f8    00000009     (.cinit..data.load) [load image, compression = lzss]
                  00000101    00000001     --HOLE-- [fill = 0]
                  00000102    00000006     (__TI_handler_table)
                  00000108    00000004     (.cinit..bss.load) [load image, compression = zero_init]
                  0000010c    00000008     (__TI_cinit_table)

.reset     0    003fffc0    00000000     DSECT

.stack     1    00000400    00000100     UNINITIALIZED
                  00000400    00000100     --HOLE--

.bss       1    0000aa9e    00000002     UNINITIALIZED
                  0000aa9e    00000002     can_ex1_loopback.obj (.bss:g_rxMsgData)

.init_array 
*          0    000000f3    00000000     UNINITIALIZED

.const     1    0000a800    0000028d     
                  0000a800    000000be     driverlib_eabi.lib : sysctl.obj (.const:.string)
                  0000a8be    000000bc                        : gpio.obj (.const:.string)
                  0000a97a    000000bb                        : can.obj (.const:.string)
                  0000aa35    00000001     --HOLE-- [fill = 0]
                  0000aa36    00000043     can_ex1_loopback.obj (.const:.string)
                  0000aa79    00000001     --HOLE-- [fill = 0]
                  0000aa7a    00000013     device.obj (.const:.string)

.data      1    0000aa8e    00000010     UNINITIALIZED
                  0000aa8e    00000006     rts2800_fpu32_eabi.lib : exit.c.obj (.data)
                  0000aa94    00000004     device.obj (.data)
                  0000aa98    00000002     rts2800_fpu32_eabi.lib : _lock.c.obj (.data:_lock)
                  0000aa9a    00000002                            : _lock.c.obj (.data:_unlock)
                  0000aa9c    00000002     can_ex1_loopback.obj (.data)

.text.1    0    00008000    00000800     
                  00008000    000001ab     device.obj (.text)
                  000081ab    000000fe     can_ex1_loopback.obj (.text)
                  000082a9    000000df     driverlib_eabi.lib : can.obj (.text:CAN_setupMessageObject)
                  00008388    000000b6                        : sysctl.obj (.text:SysCtl_setClock)
                  0000843e    0000009b                        : sysctl.obj (.text:SysCtl_isPLLValid)
                  000084d9    0000007b                        : can.obj (.text:CAN_sendMessage)
                  00008554    00000070                        : can.obj (.text:CAN_readMessage)
                  000085c4    0000006a                        : can.obj (.text:CAN_setBitTiming)
                  0000862e    00000061                        : can.obj (.text:CAN_setBitRate)
                  0000868f    0000005b                        : sysctl.obj (.text:SysCtl_selectOscSource)
                  000086ea    00000056                        : sysctl.obj (.text:DCC_setCounterSeeds)
                  00008740    00000052                        : gpio.obj (.text:GPIO_setPadConfig)
                  00008792    00000051                        : sysctl.obj (.text:SysCtl_getClock)
                  000087e3    0000001d                        : sysctl.obj (.text:DCC_setCounter0ClkSource)

.text.2    0    00008800    00000443     
                  00008800    0000003d     driverlib_eabi.lib : interrupt.obj (.text:Interrupt_initModule)
                  0000883d    0000003b                        : gpio.obj (.text:GPIO_setAnalogMode)
                  00008878    00000037                        : gpio.obj (.text:GPIO_setPinConfig)
                  000088af    00000031                        : gpio.obj (.text:GPIO_setDirectionMode)
                  000088e0    00000031     rts2800_fpu32_eabi.lib : copy_decompress_lzss.c.obj (.text:decompress:lzss)
                  00008911    0000002b                            : autoinit.c.obj (.text:__TI_auto_init_nobinit_nopinit)
                  0000893c    00000029                            : exit.c.obj (.text)
                  00008965    00000025     driverlib_eabi.lib : sysctl.obj (.text:DCC_enableSingleShotMode)
                  0000898a    00000024                        : sysctl.obj (.text:SysCtl_selectXTAL)
                  000089ae    00000022                        : sysctl.obj (.text:SysCtl_pollX1Counter)
                  000089d0    00000020                        : interrupt.obj (.text:Interrupt_initVectorTable)
                  000089f0    0000001f                        : sysctl.obj (.text:DCC_setCounter1ClkSource)
                  00008a0f    0000001e                        : can.obj (.text:CAN_initModule)
                  00008a2d    0000001d     rts2800_fpu32_eabi.lib : memcpy.c.obj (.text)
                  00008a4a    0000001c     driverlib_eabi.lib : can.obj (.text:CAN_writeDataReg)
                  00008a66    0000001b                        : can.obj (.text:CAN_initRAM)
                  00008a81    0000001b                        : can.obj (.text:CAN_readDataReg)
                  00008a9c    0000001a                        : sysctl.obj (.text:SysCtl_getLowSpeedClock)
                  00008ab6    0000001a                        : sysctl.obj (.text:SysCtl_selectXTALSingleEnded)
                  00008ad0    00000017                        : sysctl.obj (.text:DCC_disableDoneSignal)
                  00008ae7    00000017                        : sysctl.obj (.text:DCC_enableDoneSignal)
                  00008afe    00000017                        : sysctl.obj (.text:SysCtl_enablePeripheral)
                  00008b15    00000017     rts2800_fpu32_eabi.lib : boot28.asm.obj (.text)
                  00008b2c    00000016     driverlib_eabi.lib : sysctl.obj (.text:DCC_clearDoneFlag)
                  00008b42    00000016                        : sysctl.obj (.text:DCC_clearErrorFlag)
                  00008b58    00000016                        : sysctl.obj (.text:DCC_disableErrorSignal)
                  00008b6e    00000016                        : sysctl.obj (.text:DCC_enableErrorSignal)
                  00008b84    00000015                        : can.obj (.text:CAN_isBaseValid)
                  00008b99    00000014                        : sysctl.obj (.text:DCC_disableModule)
                  00008bad    00000014                        : sysctl.obj (.text:DCC_enableModule)
                  00008bc1    00000014                        : gpio.obj (.text:GPIO_isPinValid)
                  00008bd5    00000010                        : sysctl.obj (.text:DCC_isBaseValid)
                  00008be5    0000000e                        : interrupt.obj (.text:Interrupt_defaultHandler)
                  00008bf3    0000000d                        : interrupt.obj (.text:Interrupt_disableMaster)
                  00008c00    0000000d     rts2800_fpu32_eabi.lib : copy_zero_init.c.obj (.text:decompress:ZI:__TI_zero_init_nomemset)
                  00008c0d    0000000c                            : args_main.c.obj (.text)
                  00008c19    0000000b     driverlib_eabi.lib : sysctl.obj (.text:SysCtl_isMCDClockFailureDetected)
                  00008c24    00000009     rts2800_fpu32_eabi.lib : _lock.c.obj (.text)
                  00008c2d    00000008                            : copy_decompress_none.c.obj (.text:decompress:none)
                  00008c35    00000007     driverlib_eabi.lib : sysctl.obj (.text:SysCtl_resetMCD)
                  00008c3c    00000002                        : interrupt.obj (.text:Interrupt_illegalOperationHandler)
                  00008c3e    00000002                        : interrupt.obj (.text:Interrupt_nmiHandler)
                  00008c40    00000002     rts2800_fpu32_eabi.lib : pre_init.c.obj (.text)
                  00008c42    00000001                            : startup.c.obj (.text)

MODULE SUMMARY

       Module                        code   ro data   rw data
       ------                        ----   -------   -------
    .\
       can_ex1_loopback.obj          254    67        4      
    +--+-----------------------------+------+---------+---------+
       Total:                        254    67        4      
                                                             
    .\device\
       device.obj                    427    19        4      
       f28004x_codestartbranch.obj   2      0         0      
    +--+-----------------------------+------+---------+---------+
       Total:                        429    19        4      
                                                             
    C:\ti\c2000\C2000Ware_3_02_00_00\driverlib\f28004x\driverlib\ccs\Debug\driverlib_eabi.lib
       sysctl.obj                    1049   190       0      
       can.obj                       794    187       0      
       gpio.obj                      265    188       0      
       interrupt.obj                 124    0         0      
    +--+-----------------------------+------+---------+---------+
       Total:                        2232   565       0      
                                                             
    C:\ti\ccs910\ccs\tools\compiler\ti-cgt-c2000_18.12.4.LTS\lib\rts2800_fpu32_eabi.lib
       copy_decompress_lzss.c.obj    49     0         0      
       exit.c.obj                    41     0         6      
       autoinit.c.obj                43     0         0      
       memcpy.c.obj                  29     0         0      
       boot28.asm.obj                23     0         0      
       _lock.c.obj                   9      0         4      
       copy_zero_init.c.obj          13     0         0      
       args_main.c.obj               12     0         0      
       copy_decompress_none.c.obj    8      0         0      
       pre_init.c.obj                2      0         0      
       startup.c.obj                 1      0         0      
    +--+-----------------------------+------+---------+---------+
       Total:                        230    0         10     
                                                             
       Stack:                        0      0         256    
       Linker Generated:             0      27        0      
    +--+-----------------------------+------+---------+---------+
       Grand Total:                  3145   678       274    


LINKER GENERATED COPY TABLES

__TI_cinit_table @ 0000010c records: 2, size/record: 4, table size: 8
	.data: load addr=000000f8, load size=00000009 bytes, run addr=0000aa8e, run size=00000010 bytes, compression=lzss
	.bss: load addr=00000108, load size=00000004 bytes, run addr=0000aa9e, run size=00000002 bytes, compression=zero_init


LINKER GENERATED HANDLER TABLE

__TI_handler_table @ 00000102 records: 3, size/record: 2, table size: 6
	index: 0, handler: __TI_zero_init
	index: 1, handler: __TI_decompress_lzss
	index: 2, handler: __TI_decompress_none


GLOBAL DATA SYMBOLS: SORTED BY DATA PAGE

address     data page           name
--------    ----------------    ----
00000400      10 (00000400)     __stack

0000aa8e     2aa (0000aa80)     __TI_enable_exit_profile_output
0000aa90     2aa (0000aa80)     __TI_cleanup_ptr
0000aa92     2aa (0000aa80)     __TI_dtors_ptr
0000aa94     2aa (0000aa80)     Example_PassCount
0000aa96     2aa (0000aa80)     Example_Fail
0000aa98     2aa (0000aa80)     _lock
0000aa9a     2aa (0000aa80)     _unlock
0000aa9c     2aa (0000aa80)     msgCount
0000aa9e     2aa (0000aa80)     g_rxMsgData


GLOBAL SYMBOLS: SORTED ALPHABETICALLY BY Name 

page  address   name                           
----  -------   ----                           
0     0000893c  C$$EXIT                        
0     00008a0f  CAN_initModule                 
0     00008554  CAN_readMessage                
0     000084d9  CAN_sendMessage                
0     0000862e  CAN_setBitRate                 
0     000085c4  CAN_setBitTiming               
0     000082a9  CAN_setupMessageObject         
0     000080b7  Device_enableAllPeripherals    
0     00008066  Device_init                    
0     00008194  Device_initGPIO                
1     0000aa96  Example_Fail                   
1     0000aa94  Example_PassCount              
0     0000883d  GPIO_setAnalogMode             
0     000088af  GPIO_setDirectionMode          
0     00008740  GPIO_setPadConfig              
0     00008878  GPIO_setPinConfig              
0     00008800  Interrupt_initModule           
0     000089d0  Interrupt_initVectorTable      
0     000000f3  SysCtl_delay                   
0     00008792  SysCtl_getClock                
0     00008a9c  SysCtl_getLowSpeedClock        
0     0000843e  SysCtl_isPLLValid              
0     0000868f  SysCtl_selectOscSource         
0     0000898a  SysCtl_selectXTAL              
0     00008ab6  SysCtl_selectXTALSingleEnded   
0     00008388  SysCtl_setClock                
0     0000010c  __TI_CINIT_Base                
0     00000114  __TI_CINIT_Limit               
0     00000102  __TI_Handler_Table_Base        
0     00000108  __TI_Handler_Table_Limit       
1     00000500  __TI_STACK_END                 
abs   00000100  __TI_STACK_SIZE                
0     00008911  __TI_auto_init_nobinit_nopinit 
1     0000aa90  __TI_cleanup_ptr               
0     000088e0  __TI_decompress_lzss           
0     00008c2d  __TI_decompress_none           
1     0000aa92  __TI_dtors_ptr                 
1     0000aa8e  __TI_enable_exit_profile_output
abs   ffffffff  __TI_pprof_out_hndl            
abs   ffffffff  __TI_prof_data_size            
abs   ffffffff  __TI_prof_data_start           
0     00008c00  __TI_zero_init_nomemset        
n/a   UNDEFED   __c_args__                     
0     000081a4  __error__                      
1     00000400  __stack                        
0     00008c0d  _args_main                     
0     00008b15  _c_int00                       
1     0000aa98  _lock                          
0     00008c2c  _nop                           
0     00008c28  _register_lock                 
0     00008c24  _register_unlock               
0     00008c42  _system_post_cinit             
0     00008c40  _system_pre_init               
1     0000aa9a  _unlock                        
0     0000893c  abort                          
0     00000000  code_start                     
0     0000893e  exit                           
1     0000aa9e  g_rxMsgData                    
0     000081fe  main                           
0     00008a2d  memcpy                         
1     0000aa9c  msgCount                       


GLOBAL SYMBOLS: SORTED BY Symbol Address 

page  address   name                           
----  -------   ----                           
0     00000000  code_start                     
0     000000f3  SysCtl_delay                   
0     00000102  __TI_Handler_Table_Base        
0     00000108  __TI_Handler_Table_Limit       
0     0000010c  __TI_CINIT_Base                
0     00000114  __TI_CINIT_Limit               
0     00008066  Device_init                    
0     000080b7  Device_enableAllPeripherals    
0     00008194  Device_initGPIO                
0     000081a4  __error__                      
0     000081fe  main                           
0     000082a9  CAN_setupMessageObject         
0     00008388  SysCtl_setClock                
0     0000843e  SysCtl_isPLLValid              
0     000084d9  CAN_sendMessage                
0     00008554  CAN_readMessage                
0     000085c4  CAN_setBitTiming               
0     0000862e  CAN_setBitRate                 
0     0000868f  SysCtl_selectOscSource         
0     00008740  GPIO_setPadConfig              
0     00008792  SysCtl_getClock                
0     00008800  Interrupt_initModule           
0     0000883d  GPIO_setAnalogMode             
0     00008878  GPIO_setPinConfig              
0     000088af  GPIO_setDirectionMode          
0     000088e0  __TI_decompress_lzss           
0     00008911  __TI_auto_init_nobinit_nopinit 
0     0000893c  C$$EXIT                        
0     0000893c  abort                          
0     0000893e  exit                           
0     0000898a  SysCtl_selectXTAL              
0     000089d0  Interrupt_initVectorTable      
0     00008a0f  CAN_initModule                 
0     00008a2d  memcpy                         
0     00008a9c  SysCtl_getLowSpeedClock        
0     00008ab6  SysCtl_selectXTALSingleEnded   
0     00008b15  _c_int00                       
0     00008c00  __TI_zero_init_nomemset        
0     00008c0d  _args_main                     
0     00008c24  _register_unlock               
0     00008c28  _register_lock                 
0     00008c2c  _nop                           
0     00008c2d  __TI_decompress_none           
0     00008c40  _system_pre_init               
0     00008c42  _system_post_cinit             
1     00000400  __stack                        
1     00000500  __TI_STACK_END                 
1     0000aa8e  __TI_enable_exit_profile_output
1     0000aa90  __TI_cleanup_ptr               
1     0000aa92  __TI_dtors_ptr                 
1     0000aa94  Example_PassCount              
1     0000aa96  Example_Fail                   
1     0000aa98  _lock                          
1     0000aa9a  _unlock                        
1     0000aa9c  msgCount                       
1     0000aa9e  g_rxMsgData                    
abs   00000100  __TI_STACK_SIZE                
abs   ffffffff  __TI_pprof_out_hndl            
abs   ffffffff  __TI_prof_data_size            
abs   ffffffff  __TI_prof_data_start           
n/a   UNDEFED   __c_args__                     

[61 symbols]
