******************************************************************************
             TMS320C2000 Linker PC v18.12.2                    
******************************************************************************
>> Linked Fri Sep  4 20:32:36 2020

OUTPUT FILE NAME:   <gpio_ex2_toggle.out>
ENTRY POINT SYMBOL: "code_start"  address: 00000000


MEMORY CONFIGURATION

         name            origin    length      used     unused   attr    fill
----------------------  --------  ---------  --------  --------  ----  --------
PAGE 0:
  BEGIN                 00000000   00000002  00000002  00000000  RWIX
  RAMM0                 000000f3   0000030d  00000018  000002f5  RWIX
  RAMLS0                00008000   00000800  00000800  00000000  RWIX
  RAMLS1                00008800   00000800  00000107  000006f9  RWIX
  RAMLS2                00009000   00000800  00000000  00000800  RWIX
  RAMLS3                00009800   00000800  00000000  00000800  RWIX
  RAMLS4                0000a000   00000800  00000000  00000800  RWIX
  FLASH_BANK0_SEC0      00080000   00001000  00000000  00001000  RWIX
  FLASH_BANK0_SEC1      00081000   00001000  00000000  00001000  RWIX
  FLASH_BANK0_SEC2      00082000   00001000  00000000  00001000  RWIX
  FLASH_BANK0_SEC3      00083000   00001000  00000000  00001000  RWIX
  FLASH_BANK0_SEC4      00084000   00001000  00000000  00001000  RWIX
  FLASH_BANK0_SEC5      00085000   00001000  00000000  00001000  RWIX
  FLASH_BANK0_SEC6      00086000   00001000  00000000  00001000  RWIX
  FLASH_BANK0_SEC7      00087000   00001000  00000000  00001000  RWIX
  FLASH_BANK0_SEC8      00088000   00001000  00000000  00001000  RWIX
  FLASH_BANK0_SEC9      00089000   00001000  00000000  00001000  RWIX
  FLASH_BANK0_SEC10     0008a000   00001000  00000000  00001000  RWIX
  FLASH_BANK0_SEC11     0008b000   00001000  00000000  00001000  RWIX
  FLASH_BANK0_SEC12     0008c000   00001000  00000000  00001000  RWIX
  FLASH_BANK0_SEC13     0008d000   00001000  00000000  00001000  RWIX
  FLASH_BANK0_SEC14     0008e000   00001000  00000000  00001000  RWIX
  FLASH_BANK0_SEC15     0008f000   00001000  00000000  00001000  RWIX
  FLASH_BANK1_SEC0      00090000   00001000  00000000  00001000  RWIX
  FLASH_BANK1_SEC1      00091000   00001000  00000000  00001000  RWIX
  FLASH_BANK1_SEC2      00092000   00001000  00000000  00001000  RWIX
  FLASH_BANK1_SEC3      00093000   00001000  00000000  00001000  RWIX
  FLASH_BANK1_SEC4      00094000   00001000  00000000  00001000  RWIX
  FLASH_BANK1_SEC5      00095000   00001000  00000000  00001000  RWIX
  FLASH_BANK1_SEC6      00096000   00001000  00000000  00001000  RWIX
  FLASH_BANK1_SEC7      00097000   00001000  00000000  00001000  RWIX
  FLASH_BANK1_SEC8      00098000   00001000  00000000  00001000  RWIX
  FLASH_BANK1_SEC9      00099000   00001000  00000000  00001000  RWIX
  FLASH_BANK1_SEC10     0009a000   00001000  00000000  00001000  RWIX
  FLASH_BANK1_SEC11     0009b000   00001000  00000000  00001000  RWIX
  FLASH_BANK1_SEC12     0009c000   00001000  00000000  00001000  RWIX
  FLASH_BANK1_SEC13     0009d000   00001000  00000000  00001000  RWIX
  FLASH_BANK1_SEC14     0009e000   00001000  00000000  00001000  RWIX
  FLASH_BANK1_SEC15     0009f000   00001000  00000000  00001000  RWIX
  RESET                 003fffc0   00000002  00000000  00000002  RWIX

PAGE 1:
  BOOT_RSVD             00000002   000000f1  00000000  000000f1  RWIX
  RAMM1                 00000400   000003f8  00000100  000002f8  RWIX
  RAMLS5                0000a800   00000800  000001dc  00000624  RWIX
  RAMLS6                0000b000   00000800  00000000  00000800  RWIX
  RAMLS7                0000b800   00000800  00000000  00000800  RWIX
  RAMGS0                0000c000   00002000  00000000  00002000  RWIX
  RAMGS1                0000e000   00002000  00000000  00002000  RWIX
  RAMGS2                00010000   00002000  00000000  00002000  RWIX
  RAMGS3                00012000   00001ff8  00000000  00001ff8  RWIX


SECTION ALLOCATION MAP

 output                                  attributes/
section   page    origin      length       input sections
--------  ----  ----------  ----------   ----------------
codestart 
*          0    00000000    00000002     
                  00000000    00000002     f28004x_codestartbranch.obj (codestart)

.TI.ramfunc 
*          0    000000f3    00000004     
                  000000f3    00000004     driverlib_eabi.lib : sysctl.obj (.TI.ramfunc)

.cinit     0    000000f8    00000014     
                  000000f8    00000009     (.cinit..data.load) [load image, compression = lzss]
                  00000101    00000001     --HOLE-- [fill = 0]
                  00000102    00000004     (__TI_handler_table)
                  00000106    00000002     --HOLE-- [fill = 0]
                  00000108    00000004     (__TI_cinit_table)

.reset     0    003fffc0    00000000     DSECT

.stack     1    00000400    00000100     UNINITIALIZED
                  00000400    00000100     --HOLE--

.init_array 
*          0    000000f3    00000000     UNINITIALIZED

.const     1    0000a800    000001d1     
                  0000a800    000000be     driverlib_eabi.lib : sysctl.obj (.const:.string)
                  0000a8be    000000bc                        : gpio.obj (.const:.string)
                  0000a97a    00000044     gpio_ex2_toggle.obj (.const:.string)
                  0000a9be    00000013     device.obj (.const:.string)

.data      1    0000a9d2    0000000b     UNINITIALIZED
                  0000a9d2    00000006     rts2800_fpu32_eabi.lib : exit.c.obj (.data)
                  0000a9d8    00000002                            : _lock.c.obj (.data:_lock)
                  0000a9da    00000002                            : _lock.c.obj (.data:_unlock)
                  0000a9dc    00000001     gpio_ex2_toggle.obj (.data)

.text.1    0    00008000    00000800     
                  00008000    000001ab     device.obj (.text)
                  000081ab    000000b6     driverlib_eabi.lib : sysctl.obj (.text:SysCtl_setClock)
                  00008261    0000009b                        : sysctl.obj (.text:SysCtl_isPLLValid)
                  000082fc    00000079     gpio_ex2_toggle.obj (.text)
                  00008375    0000005b     driverlib_eabi.lib : sysctl.obj (.text:SysCtl_selectOscSource)
                  000083d0    00000056                        : sysctl.obj (.text:DCC_setCounterSeeds)
                  00008426    00000052                        : gpio.obj (.text:GPIO_setPadConfig)
                  00008478    00000051                        : sysctl.obj (.text:SysCtl_getClock)
                  000084c9    0000003d                        : interrupt.obj (.text:Interrupt_initModule)
                  00008506    0000003b                        : gpio.obj (.text:GPIO_setAnalogMode)
                  00008541    00000038                        : gpio.obj (.text:GPIO_setMasterCore)
                  00008579    00000038                        : gpio.obj (.text:GPIO_setQualificationMode)
                  000085b1    00000037                        : gpio.obj (.text:GPIO_setPinConfig)
                  000085e8    00000031                        : gpio.obj (.text:GPIO_setDirectionMode)
                  00008619    00000031     rts2800_fpu32_eabi.lib : copy_decompress_lzss.c.obj (.text:decompress:lzss)
                  0000864a    0000002b                            : autoinit.c.obj (.text:__TI_auto_init_nobinit_nopinit)
                  00008675    00000029                            : exit.c.obj (.text)
                  0000869e    00000025     driverlib_eabi.lib : sysctl.obj (.text:DCC_enableSingleShotMode)
                  000086c3    00000024                        : sysctl.obj (.text:SysCtl_selectXTAL)
                  000086e7    00000022                        : sysctl.obj (.text:SysCtl_pollX1Counter)
                  00008709    00000020                        : interrupt.obj (.text:Interrupt_initVectorTable)
                  00008729    0000001f                        : sysctl.obj (.text:DCC_setCounter1ClkSource)
                  00008748    0000001d                        : sysctl.obj (.text:DCC_setCounter0ClkSource)
                  00008765    0000001d     rts2800_fpu32_eabi.lib : memcpy.c.obj (.text)
                  00008782    0000001a     driverlib_eabi.lib : sysctl.obj (.text:SysCtl_getLowSpeedClock)
                  0000879c    0000001a                        : sysctl.obj (.text:SysCtl_selectXTALSingleEnded)
                  000087b6    00000017                        : sysctl.obj (.text:DCC_disableDoneSignal)
                  000087cd    00000017                        : sysctl.obj (.text:DCC_enableDoneSignal)
                  000087e4    00000017                        : sysctl.obj (.text:SysCtl_enablePeripheral)
                  000087fb    00000002                        : interrupt.obj (.text:Interrupt_illegalOperationHandler)
                  000087fd    00000002                        : interrupt.obj (.text:Interrupt_nmiHandler)
                  000087ff    00000001     rts2800_fpu32_eabi.lib : startup.c.obj (.text)

.text.2    0    00008800    00000107     
                  00008800    00000017     rts2800_fpu32_eabi.lib : boot28.asm.obj (.text)
                  00008817    00000016     driverlib_eabi.lib : sysctl.obj (.text:DCC_clearDoneFlag)
                  0000882d    00000016                        : sysctl.obj (.text:DCC_clearErrorFlag)
                  00008843    00000016                        : sysctl.obj (.text:DCC_disableErrorSignal)
                  00008859    00000016                        : sysctl.obj (.text:DCC_enableErrorSignal)
                  0000886f    00000014                        : sysctl.obj (.text:DCC_disableModule)
                  00008883    00000014                        : sysctl.obj (.text:DCC_enableModule)
                  00008897    00000014                        : gpio.obj (.text:GPIO_isPinValid)
                  000088ab    00000010                        : sysctl.obj (.text:DCC_isBaseValid)
                  000088bb    0000000e                        : interrupt.obj (.text:Interrupt_defaultHandler)
                  000088c9    0000000d                        : interrupt.obj (.text:Interrupt_disableMaster)
                  000088d6    0000000c     rts2800_fpu32_eabi.lib : args_main.c.obj (.text)
                  000088e2    0000000b     driverlib_eabi.lib : sysctl.obj (.text:SysCtl_isMCDClockFailureDetected)
                  000088ed    00000009     rts2800_fpu32_eabi.lib : _lock.c.obj (.text)
                  000088f6    00000008                            : copy_decompress_none.c.obj (.text:decompress:none)
                  000088fe    00000007     driverlib_eabi.lib : sysctl.obj (.text:SysCtl_resetMCD)
                  00008905    00000002     rts2800_fpu32_eabi.lib : pre_init.c.obj (.text)

MODULE SUMMARY

       Module                        code   ro data   rw data
       ------                        ----   -------   -------
    .\
       gpio_ex2_toggle.obj           121    68        1      
    +--+-----------------------------+------+---------+---------+
       Total:                        121    68        1      
                                                             
    .\device\
       device.obj                    427    19        0      
       f28004x_codestartbranch.obj   2      0         0      
    +--+-----------------------------+------+---------+---------+
       Total:                        429    19        0      
                                                             
    C:\ti\c2000\C2000Ware_3_02_00_00\driverlib\f28004x\driverlib\ccs\Debug\driverlib_eabi.lib
       sysctl.obj                    1049   190       0      
       gpio.obj                      377    188       0      
       interrupt.obj                 124    0         0      
    +--+-----------------------------+------+---------+---------+
       Total:                        1550   378       0      
                                                             
    C:\ti\ccs910\ccs\tools\compiler\ti-cgt-c2000_18.12.2.LTS\lib\rts2800_fpu32_eabi.lib
       copy_decompress_lzss.c.obj    49     0         0      
       exit.c.obj                    41     0         6      
       autoinit.c.obj                43     0         0      
       memcpy.c.obj                  29     0         0      
       boot28.asm.obj                23     0         0      
       _lock.c.obj                   9      0         4      
       args_main.c.obj               12     0         0      
       copy_decompress_none.c.obj    8      0         0      
       pre_init.c.obj                2      0         0      
       startup.c.obj                 1      0         0      
    +--+-----------------------------+------+---------+---------+
       Total:                        217    0         10     
                                                             
       Stack:                        0      0         256    
       Linker Generated:             0      17        0      
    +--+-----------------------------+------+---------+---------+
       Grand Total:                  2317   482       267    


LINKER GENERATED COPY TABLES

__TI_cinit_table @ 00000108 records: 1, size/record: 4, table size: 4
	.data: load addr=000000f8, load size=00000009 bytes, run addr=0000a9d2, run size=0000000b bytes, compression=lzss


LINKER GENERATED HANDLER TABLE

__TI_handler_table @ 00000102 records: 2, size/record: 2, table size: 4
	index: 0, handler: __TI_decompress_lzss
	index: 1, handler: __TI_decompress_none


GLOBAL DATA SYMBOLS: SORTED BY DATA PAGE

address     data page           name
--------    ----------------    ----
00000400      10 (00000400)     __stack

0000a9d2     2a7 (0000a9c0)     __TI_enable_exit_profile_output
0000a9d4     2a7 (0000a9c0)     __TI_cleanup_ptr
0000a9d6     2a7 (0000a9c0)     __TI_dtors_ptr
0000a9d8     2a7 (0000a9c0)     _lock
0000a9da     2a7 (0000a9c0)     _unlock
0000a9dc     2a7 (0000a9c0)     x


GLOBAL SYMBOLS: SORTED ALPHABETICALLY BY Name 

page  address   name                           
----  -------   ----                           
0     00008675  C$$EXIT                        
0     000080b7  Device_enableAllPeripherals    
0     00008066  Device_init                    
0     00008194  Device_initGPIO                
0     00008506  GPIO_setAnalogMode             
0     000085e8  GPIO_setDirectionMode          
0     00008541  GPIO_setMasterCore             
0     00008426  GPIO_setPadConfig              
0     000085b1  GPIO_setPinConfig              
0     00008579  GPIO_setQualificationMode      
0     000084c9  Interrupt_initModule           
0     00008709  Interrupt_initVectorTable      
0     000000f3  SysCtl_delay                   
0     00008478  SysCtl_getClock                
0     00008782  SysCtl_getLowSpeedClock        
0     00008261  SysCtl_isPLLValid              
0     00008375  SysCtl_selectOscSource         
0     000086c3  SysCtl_selectXTAL              
0     0000879c  SysCtl_selectXTALSingleEnded   
0     000081ab  SysCtl_setClock                
0     00000108  __TI_CINIT_Base                
0     0000010c  __TI_CINIT_Limit               
0     00000102  __TI_Handler_Table_Base        
0     00000106  __TI_Handler_Table_Limit       
1     00000500  __TI_STACK_END                 
abs   00000100  __TI_STACK_SIZE                
0     0000864a  __TI_auto_init_nobinit_nopinit 
1     0000a9d4  __TI_cleanup_ptr               
0     00008619  __TI_decompress_lzss           
0     000088f6  __TI_decompress_none           
1     0000a9d6  __TI_dtors_ptr                 
1     0000a9d2  __TI_enable_exit_profile_output
abs   ffffffff  __TI_pprof_out_hndl            
abs   ffffffff  __TI_prof_data_size            
abs   ffffffff  __TI_prof_data_start           
n/a   UNDEFED   __c_args__                     
0     000081a4  __error__                      
1     00000400  __stack                        
0     000088d6  _args_main                     
0     00008800  _c_int00                       
1     0000a9d8  _lock                          
0     000088f5  _nop                           
0     000088f1  _register_lock                 
0     000088ed  _register_unlock               
0     000087ff  _system_post_cinit             
0     00008905  _system_pre_init               
1     0000a9da  _unlock                        
0     00008675  abort                          
0     00000000  code_start                     
0     00008677  exit                           
0     00008361  gPIO_init                      
0     00008354  gpio_init                      
0     0000833d  main                           
0     00008765  memcpy                         
0     0000835b  pinMux_init                    
1     0000a9dc  x                              


GLOBAL SYMBOLS: SORTED BY Symbol Address 

page  address   name                           
----  -------   ----                           
0     00000000  code_start                     
0     000000f3  SysCtl_delay                   
0     00000102  __TI_Handler_Table_Base        
0     00000106  __TI_Handler_Table_Limit       
0     00000108  __TI_CINIT_Base                
0     0000010c  __TI_CINIT_Limit               
0     00008066  Device_init                    
0     000080b7  Device_enableAllPeripherals    
0     00008194  Device_initGPIO                
0     000081a4  __error__                      
0     000081ab  SysCtl_setClock                
0     00008261  SysCtl_isPLLValid              
0     0000833d  main                           
0     00008354  gpio_init                      
0     0000835b  pinMux_init                    
0     00008361  gPIO_init                      
0     00008375  SysCtl_selectOscSource         
0     00008426  GPIO_setPadConfig              
0     00008478  SysCtl_getClock                
0     000084c9  Interrupt_initModule           
0     00008506  GPIO_setAnalogMode             
0     00008541  GPIO_setMasterCore             
0     00008579  GPIO_setQualificationMode      
0     000085b1  GPIO_setPinConfig              
0     000085e8  GPIO_setDirectionMode          
0     00008619  __TI_decompress_lzss           
0     0000864a  __TI_auto_init_nobinit_nopinit 
0     00008675  C$$EXIT                        
0     00008675  abort                          
0     00008677  exit                           
0     000086c3  SysCtl_selectXTAL              
0     00008709  Interrupt_initVectorTable      
0     00008765  memcpy                         
0     00008782  SysCtl_getLowSpeedClock        
0     0000879c  SysCtl_selectXTALSingleEnded   
0     000087ff  _system_post_cinit             
0     00008800  _c_int00                       
0     000088d6  _args_main                     
0     000088ed  _register_unlock               
0     000088f1  _register_lock                 
0     000088f5  _nop                           
0     000088f6  __TI_decompress_none           
0     00008905  _system_pre_init               
1     00000400  __stack                        
1     00000500  __TI_STACK_END                 
1     0000a9d2  __TI_enable_exit_profile_output
1     0000a9d4  __TI_cleanup_ptr               
1     0000a9d6  __TI_dtors_ptr                 
1     0000a9d8  _lock                          
1     0000a9da  _unlock                        
1     0000a9dc  x                              
abs   00000100  __TI_STACK_SIZE                
abs   ffffffff  __TI_pprof_out_hndl            
abs   ffffffff  __TI_prof_data_size            
abs   ffffffff  __TI_prof_data_start           
n/a   UNDEFED   __c_args__                     

[56 symbols]
